timestamp	tick	event
1767766200699	0	P1	7	ASSOC	69	185	1	-1	0	-1
1767766202338	1	P1	8	ASSOC	287	4	1	1	1	1420
1767766205821	2	P1	11	ASSOC	336	261	0	1	0	2570
1767766207437	3	P1	13	ASSOC	192	172	0	0	1	1110
1767766211923	4	P1	20	ASSOC	442	119	1	0	0	2610
1767766213437	5	P1	22	ASSOC	180	9	0	1	0	980
1767766215649	6	P1	28	ASSOC	381	48	0	1	0	800
1767766218912	7	P1	37	ASSOC	178	461	1	1	1	990
1767766283568	8	P2	2	ITEM	368	0	0	1	2800
1767766284371	9	P2	3	ITEM	290	1	1	1	630
1767766285189	10	P2	4	ITEM	376	1	1	1	590
1767766286017	11	P2	5	ITEM	62	1	1	1	590
1767766287235	12	P2	6	ITEM	399	1	1	1	900
1767766288505	13	P2	7	ITEM	344	1	1	1	1040
1767766289604	14	P2	8	ITEM	32	0	0	1	840
1767766290904	15	P2	9	ITEM	187	1	1	1	990
1767766292154	16	P2	10	ITEM	43	1	0	0	1050
1767766293521	17	P2	11	ITEM	303	0	1	0	1130
1767766294322	18	P2	12	ITEM	270	0	0	1	570
1767766295440	19	P2	13	ITEM	2	1	1	1	850
1767766296254	20	P2	14	ITEM	146	0	0	1	580
1767766297274	21	P2	16	ITEM	197	1	0	0	520
1767766298157	22	P2	17	ITEM	27	0	0	1	620
1767766299245	23	P2	18	ITEM	338	0	1	0	800
1767766300138	24	P2	20	ITEM	163	1	0	0	440
1767766301167	25	P2	21	ITEM	331	0	1	0	780
1767766302810	26	P2	23	ITEM	428	1	1	1	1120
1767766303740	27	P2	24	ITEM	235	0	0	1	690
1767766304523	28	P2	25	ITEM	439	1	0	0	520
1767766305128	29	P2	26	ITEM	359	0	0	1	390
1767766305951	30	P2	27	ITEM	443	1	0	0	580
1767766306868	31	P2	28	ITEM	61	1	0	0	670
1767766308058	32	P2	29	ITEM	90	1	1	1	910
1767766309488	33	P2	31	ITEM	361	0	1	0	880
1767766310088	34	P2	32	ITEM	459	0	0	1	460
1767766311207	35	P2	33	ITEM	380	0	0	1	790
1767766312306	36	P2	35	ITEM	302	1	1	1	640
1767766313332	37	P2	36	ITEM	330	0	1	0	760
1767766314026	38	P2	37	ITEM	274	0	0	1	470
1767766315023	39	P2	38	ITEM	166	0	0	1	750
1767766382088	40	1	2	ASSOC	395	233	1	1	1	3660
1767766383288	41	1	4	ASSOC	450	156	0	0	1	750
1767766384947	42	1	7	ASSOC	253	357	1	1	1	880
1767766387291	43	1	8	ASSOC	246	316	0	0	1	2000
1767766388505	44	1	10	ASSOC	245	328	0	0	1	790
1767766391338	45	1	17	ASSOC	259	464	1	0	0	1090
1767766395922	46	1	29	ASSOC	127	89	0	1	0	1580
1767766397606	47	1	33	ASSOC	56	417	1	0	0	760
1767766463338	48	2	2	ASSOC	217	122	0	1	0	1900
1767766464637	49	2	4	ASSOC	343	36	1	1	1	930
1767766467705	50	2	11	ASSOC	424	81	1	1	1	1270
1767766470892	51	2	19	ASSOC	267	363	0	0	1	1220
1767766474079	52	2	26	ASSOC	54	175	1	0	0	1410
1767766475442	53	2	27	ASSOC	133	167	0	1	0	1150
1767766478390	54	2	36	ASSOC	388	139	1	0	0	720
1767766479637	55	2	38	ASSOC	113	408	0	0	1	760
1767766544289	56	3	1	ITEM	227	0	0	1	3300
1767766545490	57	3	3	ITEM	52	0	0	1	700
1767766546491	58	3	4	ITEM	273	0	0	1	820
1767766547490	59	3	5	ITEM	86	1	1	1	750
1767766548574	60	3	6	ITEM	477	0	0	1	790
1767766549708	61	3	7	ITEM	193	0	0	1	940
1767766550640	62	3	8	ITEM	248	1	1	1	690
1767766551856	63	3	9	ITEM	353	1	1	1	940
1767766552857	64	3	11	ITEM	135	1	1	1	560
1767766553973	65	3	12	ITEM	332	1	1	1	790
1767766555012	66	3	13	ITEM	346	0	0	1	790
1767766556008	67	3	15	ITEM	400	1	1	1	550
1767766557024	68	3	16	ITEM	64	1	1	1	720
1767766558414	69	3	17	ITEM	99	0	1	0	1100
1767766559141	70	3	18	ITEM	128	1	1	1	580
1767766560174	71	3	19	ITEM	65	0	0	1	760
1767766561251	72	3	21	ITEM	23	0	1	0	590
1767766562355	73	3	22	ITEM	168	0	1	0	810
1767766563449	74	3	23	ITEM	70	1	1	1	820
1767766564373	75	3	24	ITEM	275	1	0	0	710
1767766565174	76	3	25	ITEM	224	0	1	0	570
1767766565976	77	3	26	ITEM	351	1	1	1	570
1767766567170	78	3	28	ITEM	53	0	0	1	610
1767766568393	79	3	31	ITEM	79	1	1	1	510
1767766569590	80	3	32	ITEM	15	0	0	1	890
1767766570291	81	3	33	ITEM	209	0	1	0	540
1767766571891	82	3	34	ITEM	115	0	1	0	1290
1767766572706	83	3	35	ITEM	282	1	1	1	630
1767766573607	84	3	36	ITEM	132	1	1	1	660
1767766574436	85	3	37	ITEM	254	1	1	1	580
1767766575731	86	3	39	ITEM	194	1	0	0	700
1767766576549	87	3	40	ITEM	18	0	1	0	660
1767766641218	88	4	10	ASSOC	373	58	0	0	1	1750
1767766643074	89	4	12	ASSOC	472	101	1	0	0	1430
1767766644373	90	4	14	ASSOC	28	374	1	0	0	810
1767766647922	91	4	21	ASSOC	207	372	0	1	0	1720
1767766649474	92	4	24	ASSOC	77	88	0	0	1	900
1767766652016	93	4	31	ASSOC	262	323	1	1	1	810
1767766653361	94	4	33	ASSOC	141	26	1	1	1	850
1767766654789	95	4	35	ASSOC	312	458	0	1	0	890
1767766720023	96	5	2	ASSOC	437	322	1	1	1	2900
1767766726232	97	5	20	ASSOC	435	118	1	0	0	1630
1767766727858	98	5	21	ASSOC	411	413	1	0	0	1370
1767766729273	99	5	22	ASSOC	38	473	1	0	0	1160
1767766732103	100	5	26	ASSOC	17	377	0	1	0	1850
1767766733638	101	5	30	ASSOC	174	474	0	1	0	670
1767766735479	102	5	31	ASSOC	75	378	0	1	0	1510
1767766737541	103	5	36	ASSOC	264	315	0	0	1	870
1767766801574	104	6	1	ITEM	438	1	0	0	2060
1767766802375	105	6	2	ITEM	418	1	1	1	610
1767766803190	106	6	3	ITEM	320	0	1	0	660
1767766804271	107	6	4	ITEM	134	0	1	0	810
1767766805391	108	6	6	ITEM	162	0	1	0	680
1767766806330	109	6	7	ITEM	311	1	1	1	690
1767766807371	110	6	8	ITEM	447	0	1	0	780
1767766808523	111	6	10	ITEM	159	0	1	0	660
1767766809826	112	6	11	ITEM	208	0	0	1	1030
1767766810908	113	6	12	ITEM	210	1	1	1	800
1767766811873	114	6	13	ITEM	183	0	1	0	760
1767766812757	115	6	14	ITEM	398	0	0	1	600
1767766813648	116	6	15	ITEM	300	1	0	0	640
1767766814642	117	6	17	ITEM	161	0	0	1	540
1767766815840	118	6	18	ITEM	158	1	1	1	920
1767766816926	119	6	19	ITEM	426	1	0	0	820
1767766818225	120	6	21	ITEM	341	1	0	0	800
1767766819106	121	6	22	ITEM	349	0	1	0	610
1767766819924	122	6	23	ITEM	29	0	0	1	640
1767766821072	123	6	24	ITEM	263	1	1	1	870
1767766822159	124	6	25	ITEM	10	1	1	1	810
1767766823151	125	6	26	ITEM	318	1	1	1	730
1767766823877	126	6	27	ITEM	152	0	0	1	550
1767766824611	127	6	28	ITEM	394	0	1	0	500
1767766826446	128	6	29	ITEM	352	1	1	1	1440
1767766827140	129	6	30	ITEM	22	1	0	0	510
1767766828123	130	6	31	ITEM	436	0	0	1	710
1767766829070	131	6	32	ITEM	55	0	0	1	770
1767766830059	132	6	33	ITEM	154	0	1	0	700
1767766832374	133	6	37	ITEM	95	1	0	0	1290
1767766833575	134	6	39	ITEM	157	1	1	1	710
1767766834611	135	6	40	ITEM	251	1	0	0	820
1767766897524	136	7	3	ASSOC	405	462	0	0	1	1420
1767766899351	137	7	7	ASSOC	307	7	0	0	1	850
1767766900488	138	7	8	ASSOC	25	205	1	0	0	870
1767766902447	139	7	12	ASSOC	446	51	1	0	0	970
1767766904470	140	7	18	ASSOC	466	226	1	1	1	560
1767766906595	141	7	21	ASSOC	14	240	0	1	0	1310
1767766907589	142	7	22	ASSOC	404	129	1	1	1	830
1767766911034	143	7	33	ASSOC	203	242	0	1	0	610
1767766978507	144	8	6	ASSOC	456	292	0	1	0	3280
1767766979822	145	8	7	ASSOC	92	272	0	0	1	1100
1767766982168	146	8	13	ASSOC	415	387	1	0	0	860
1767766984843	147	8	20	ASSOC	142	149	0	1	0	940
1767766986867	148	8	24	ASSOC	138	448	0	0	1	1010
1767766988273	149	8	26	ASSOC	84	431	1	1	1	900
1767766992226	150	8	36	ASSOC	234	111	1	0	0	1360
1767766994908	151	8	39	ASSOC	176	117	1	1	1	1920
1767767057640	152	9	1	ITEM	60	1	0	0	1680
1767767058740	153	9	3	ITEM	468	1	1	1	750
1767767060257	154	9	6	ITEM	455	0	0	1	750
1767767061192	155	9	7	ITEM	34	0	0	1	690
1767767062128	156	9	8	ITEM	24	1	1	1	690
1767767062920	157	9	9	ITEM	271	0	0	1	530
1767767063701	158	9	10	ITEM	200	1	1	1	540
1767767065101	159	9	11	ITEM	3	1	1	1	1110
1767767066539	160	9	12	ITEM	420	0	0	1	1160
1767767067542	161	9	13	ITEM	33	0	1	0	830
1767767068840	162	9	14	ITEM	80	1	1	1	1020
1767767069623	163	9	15	ITEM	460	1	1	1	560
1767767070657	164	9	16	ITEM	294	1	0	0	780
1767767071453	165	9	17	ITEM	340	1	1	1	550
1767767072334	166	9	18	ITEM	385	0	1	0	650
1767767073184	167	9	19	ITEM	160	0	1	0	600
1767767074302	168	9	20	ITEM	12	0	0	1	840
1767767075508	169	9	21	ITEM	225	0	0	1	890
1767767076408	170	9	22	ITEM	288	0	1	0	720
1767767077408	171	9	23	ITEM	126	1	1	1	750
1767767078401	172	9	24	ITEM	155	0	1	0	700
1767767079049	173	9	25	ITEM	407	0	0	1	480
1767767080065	174	9	26	ITEM	198	0	0	1	720
1767767081288	175	9	27	ITEM	339	0	0	1	950
1767767082639	176	9	29	ITEM	106	0	0	1	870
1767767084190	177	9	31	ITEM	390	1	0	0	1030
1767767085073	178	9	32	ITEM	354	1	0	0	640
1767767086674	179	9	33	ITEM	412	1	1	1	1250
1767767087490	180	9	34	ITEM	284	1	1	1	660
1767767088691	181	9	36	ITEM	137	1	1	1	710
1767767090043	182	9	39	ITEM	389	0	1	0	600
1767767090927	183	9	40	ITEM	67	1	1	1	620
1767767157208	184	10	10	ASSOC	148	441	1	0	0	2890
1767767160158	185	10	11	ASSOC	191	181	1	1	1	2580
1767767161773	186	10	13	ASSOC	239	228	0	1	0	1100
1767767163817	187	10	17	ASSOC	120	103	0	0	1	1100
1767767165108	188	10	18	ASSOC	164	260	0	1	0	1060
1767767167125	189	10	20	ASSOC	74	306	0	0	1	1470
