timestamp	tick	event
1767766116157	0	LIST	P1
1767766133243	1	P1	1	HARNESS	180	MISSION	261	736
1767766138205	2	P1	2	ILLNESS	192	BUTTON	48	800
1767766142902	3	P1	3	PONY	336	GARMENT	172	580
1767766147627	4	P1	4	NUMBER	287	ACRE	4	606
1767766152505	5	P1	5	SCIENCE	381	ANGEL	9	750
1767766157366	6	P1	6	CHAMBER	69	HERALD	185	711
1767766162132	7	P1	7	HAMMER	178	WAGON	461	644
1767766167040	8	P1	8	TREASURE	442	DEGREE	119	752
1767766200699	9	P1	7	ASSOC	CHAMBER	69	HERALD	185	1	-1	0	-1
1767766202338	10	P1	8	ASSOC	NUMBER	287	ACRE	4	1	1	1	1420
1767766205821	11	P1	11	ASSOC	PONY	336	MISSION	261	0	1	0	2570
1767766207437	12	P1	13	ASSOC	ILLNESS	192	GARMENT	172	0	0	1	1110
1767766211923	13	P1	20	ASSOC	TREASURE	442	DEGREE	119	1	0	0	2610
1767766213437	14	P1	22	ASSOC	HARNESS	180	ANGEL	9	0	1	0	980
1767766215649	15	P1	28	ASSOC	SCIENCE	381	BUTTON	48	0	1	0	800
1767766218912	16	P1	37	ASSOC	HAMMER	178	WAGON	461	1	1	1	990
1767766219695	17	LIST	P2
1767766227721	18	P2	1	FOREHEAD	163	HIGHWAY	187	516
1767766232456	19	P2	2	INTEREST	197	TALENT	428	618
1767766237078	20	P2	3	CAREER	61	TRAFFIC	439	507
1767766241905	21	P2	4	PRODUCT	344	ACCORD	2	701
1767766246637	22	P2	5	COMPOUND	90	SAILOR	376	615
1767766251255	23	P2	6	ODOR	290	TRIBUTE	443	501
1767766255964	24	P2	7	CARPET	62	SISTER	399	592
1767766260840	25	P2	8	PACKAGE	302	BUREAU	43	753
1767766283568	26	P2	2	ITEM	RIDER	368	0	0	1	2800
1767766284371	27	P2	3	ITEM	ODOR	290	1	1	1	630
1767766285189	28	P2	4	ITEM	SAILOR	376	1	1	1	590
1767766286017	29	P2	5	ITEM	CARPET	62	1	1	1	590
1767766287235	30	P2	6	ITEM	SISTER	399	1	1	1	900
1767766288505	31	P2	7	ITEM	PRODUCT	344	1	1	1	1040
1767766289604	32	P2	8	ITEM	BEING	32	0	0	1	840
1767766290904	33	P2	9	ITEM	HIGHWAY	187	1	1	1	990
1767766292154	34	P2	10	ITEM	BUREAU	43	1	0	0	1050
1767766293521	35	P2	11	ITEM	PAINTER	303	0	1	0	1130
1767766294322	36	P2	12	ITEM	MONKEY	270	0	0	1	570
1767766295440	37	P2	13	ITEM	ACCORD	2	1	1	1	850
1767766296254	38	P2	14	ITEM	EVENT	146	0	0	1	580
1767766297274	39	P2	16	ITEM	INTEREST	197	1	0	0	520
1767766298157	40	P2	17	ITEM	BATTLE	27	0	0	1	620
1767766299245	41	P2	18	ITEM	PRAIRIE	338	0	1	0	800
1767766300138	42	P2	20	ITEM	FOREHEAD	163	1	0	0	440
1767766301167	43	P2	21	ITEM	PLAYER	331	0	1	0	780
1767766302810	44	P2	23	ITEM	TALENT	428	1	1	1	1120
1767766303740	45	P2	24	ITEM	MADAM	235	0	0	1	690
1767766304523	46	P2	25	ITEM	TRAFFIC	439	1	0	0	520
1767766305128	47	P2	26	ITEM	RECEIPT	359	0	0	1	390
1767766305951	48	P2	27	ITEM	TRIBUTE	443	1	0	0	580
1767766306868	49	P2	28	ITEM	CAREER	61	1	0	0	670
1767766308058	50	P2	29	ITEM	COMPOUND	90	1	1	1	910
1767766309488	51	P2	31	ITEM	REFUGE	361	0	1	0	880
1767766310088	52	P2	32	ITEM	VIRTUE	459	0	0	1	460
1767766311207	53	P2	33	ITEM	SCHOLAR	380	0	0	1	790
1767766312306	54	P2	35	ITEM	PACKAGE	302	1	1	1	640
1767766313332	55	P2	36	ITEM	PLATFORM	330	0	1	0	760
1767766314026	56	P2	37	ITEM	MOTIVE	274	0	0	1	470
1767766315023	57	P2	38	ITEM	FOUNTAIN	166	0	0	1	750
1767766315621	58	LIST	1
1767766325179	59	1	1	MEADOW	246	PITCHER	328	657
1767766330088	60	1	2	DISEASE	127	PATIENT	316	766
1767766334877	61	1	3	CANOE	56	SUBJECT	417	656
1767766339800	62	1	4	MIRROR	259	WEAPON	464	778
1767766344634	63	1	5	UNION	450	COMPASS	89	712
1767766349366	64	1	6	MAYOR	245	FEELING	156	611
1767766354022	65	1	7	SILENCE	395	LUNCHEON	233	534
1767766358919	66	1	8	MERIT	253	READING	357	731
1767766382088	67	1	2	ASSOC	SILENCE	395	LUNCHEON	233	1	1	1	3660
1767766383288	68	1	4	ASSOC	UNION	450	FEELING	156	0	0	1	750
1767766384947	69	1	7	ASSOC	MERIT	253	READING	357	1	1	1	880
1767766387291	70	1	8	ASSOC	MEADOW	246	PATIENT	316	0	0	1	2000
1767766388505	71	1	10	ASSOC	MAYOR	245	PITCHER	328	0	0	1	790
1767766391338	72	1	17	ASSOC	MIRROR	259	WEAPON	464	1	0	0	1090
1767766395922	73	1	29	ASSOC	DISEASE	127	COMPASS	89	0	1	0	1580
1767766397606	74	1	33	ASSOC	CANOE	56	SUBJECT	417	1	0	0	760
1767766399440	75	LIST	2
1767766408256	76	2	1	SERVICE	388	ELBOW	139	734
1767766413189	77	2	2	MOMENT	267	DEVICE	122	767
1767766418075	78	2	3	SURFACE	424	CLUSTER	81	754
1767766422946	79	2	4	DRAGON	133	RESEARCH	363	724
1767766427646	80	2	5	LEADER	217	STANDARD	408	574
1767766432533	81	2	6	CANDY	54	GODDESS	175	761
1767766437306	82	2	7	CUSTOM	113	FRONTIER	167	634
1767766442118	83	2	8	PROBLEM	343	BLESSING	36	646
1767766463338	84	2	2	ASSOC	LEADER	217	DEVICE	122	0	1	0	1900
1767766464637	85	2	4	ASSOC	PROBLEM	343	BLESSING	36	1	1	1	930
1767766467705	86	2	11	ASSOC	SURFACE	424	CLUSTER	81	1	1	1	1270
1767766470892	87	2	19	ASSOC	MOMENT	267	RESEARCH	363	0	0	1	1220
1767766474079	88	2	26	ASSOC	CANDY	54	GODDESS	175	1	0	0	1410
1767766475442	89	2	27	ASSOC	DRAGON	133	FRONTIER	167	0	1	0	1150
1767766478390	90	2	36	ASSOC	SERVICE	388	ELBOW	139	1	0	0	720
1767766479637	91	2	38	ASSOC	CUSTOM	113	STANDARD	408	0	0	1	760
1767766480228	92	LIST	3
1767766488329	93	3	1	PLEASURE	332	CLOSET	79	574
1767766493091	94	3	2	CHANNEL	70	EAGLE	135	635
1767766497922	95	3	3	CASTLE	64	SLIPPER	400	666
1767766502717	96	3	4	QUESTION	353	DOUBLE	132	661
1767766507392	97	3	5	COLOUR	86	NEEDLE	282	536
1767766512276	98	3	6	INCOME	194	MOTOR	275	720
1767766516954	99	3	7	MEANTIME	248	MESSAGE	254	547
1767766521740	100	3	8	DISTANCE	128	PUZZLE	351	633
1767766544289	101	3	1	ITEM	LINEN	227	0	0	1	3300
1767766545490	102	3	3	ITEM	CANAL	52	0	0	1	700
1767766546491	103	3	4	ITEM	MOTION	273	0	0	1	820
1767766547490	104	3	5	ITEM	COLOUR	86	1	1	1	750
1767766548574	105	3	6	ITEM	WRITING	477	0	0	1	790
1767766549708	106	3	7	ITEM	IMAGE	193	0	0	1	940
1767766550640	107	3	8	ITEM	MEANTIME	248	1	1	1	690
1767766551856	108	3	9	ITEM	QUESTION	353	1	1	1	940
1767766552857	109	3	11	ITEM	EAGLE	135	1	1	1	560
1767766553973	110	3	12	ITEM	PLEASURE	332	1	1	1	790
1767766555012	111	3	13	ITEM	PROJECT	346	0	0	1	790
1767766556008	112	3	15	ITEM	SLIPPER	400	1	1	1	550
1767766557024	113	3	16	ITEM	CASTLE	64	1	1	1	720
1767766558414	114	3	17	ITEM	CORNER	99	0	1	0	1100
1767766559141	115	3	18	ITEM	DISTANCE	128	1	1	1	580
1767766560174	116	3	19	ITEM	CATTLE	65	0	0	1	760
1767766561251	117	3	21	ITEM	BARREL	23	0	1	0	590
1767766562355	118	3	22	ITEM	FUNERAL	168	0	1	0	810
1767766563449	119	3	23	ITEM	CHANNEL	70	1	1	1	820
1767766564373	120	3	24	ITEM	MOTOR	275	1	0	0	710
1767766565174	121	3	25	ITEM	LEVEL	224	0	1	0	570
1767766565976	122	3	26	ITEM	PUZZLE	351	1	1	1	570
1767766567170	123	3	28	ITEM	CANDLE	53	0	0	1	610
1767766568393	124	3	31	ITEM	CLOSET	79	1	1	1	510
1767766569590	125	3	32	ITEM	ARTIST	15	0	0	1	890
1767766570291	126	3	33	ITEM	KINGDOM	209	0	1	0	540
1767766571891	127	3	34	ITEM	DARKNESS	115	0	1	0	1290
1767766572706	128	3	35	ITEM	NEEDLE	282	1	1	1	630
1767766573607	129	3	36	ITEM	DOUBLE	132	1	1	1	660
1767766574436	130	3	37	ITEM	MESSAGE	254	1	1	1	580
1767766575731	131	3	39	ITEM	INCOME	194	1	0	0	700
1767766576549	132	3	40	ITEM	AUTHOR	18	0	1	0	660
1767766576662	133	LIST	4
1767766584865	134	4	1	WOMEN	472	COTTAGE	101	642
1767766589802	135	4	2	PASSION	312	COMMERCE	88	778
1767766594599	136	4	3	CITY	77	ROBBER	372	675
1767766599294	137	4	4	BEAUTY	28	RUBBER	374	571
1767766604058	138	4	5	KEEPER	207	CAPTAIN	58	634
1767766608748	139	4	6	MISTAKE	262	PICTURE	323	525
1767766613446	140	4	7	ROBIN	373	VILLAGE	458	572
1767766618163	141	4	8	EMPIRE	141	BASKET	26	589
1767766641218	142	4	10	ASSOC	ROBIN	373	CAPTAIN	58	0	0	1	1750
1767766643074	143	4	12	ASSOC	WOMEN	472	COTTAGE	101	1	0	0	1430
1767766644373	144	4	14	ASSOC	BEAUTY	28	RUBBER	374	1	0	0	810
1767766647922	145	4	21	ASSOC	KEEPER	207	ROBBER	372	0	1	0	1720
1767766649474	146	4	24	ASSOC	CITY	77	COMMERCE	88	0	0	1	900
1767766652016	147	4	31	ASSOC	MISTAKE	262	PICTURE	323	1	1	1	810
1767766653361	148	4	33	ASSOC	EMPIRE	141	BASKET	26	1	1	1	850
1767766654789	149	4	35	ASSOC	PASSION	312	VILLAGE	458	0	1	0	890
1767766656073	150	LIST	5
1767766664230	151	5	1	TIMBER	437	PERSON	322	740
1767766669076	152	5	2	GESTURE	174	SALAD	377	686
1767766673707	153	5	3	TICKET	435	DEALER	118	501
1767766678423	154	5	4	BOTTOM	38	WORKER	473	599
1767766683179	155	5	5	MIXTURE	264	WORSHIP	474	639
1767766688022	156	5	6	ATTACK	17	SANDWICH	378	682
1767766692787	157	5	7	CIRCLE	75	PATIENCE	315	647
1767766697737	158	5	8	STATUS	411	STOCKING	413	797
1767766720023	159	5	2	ASSOC	TIMBER	437	PERSON	322	1	1	1	2900
1767766726232	160	5	20	ASSOC	TICKET	435	DEALER	118	1	0	0	1630
1767766727858	161	5	21	ASSOC	STATUS	411	STOCKING	413	1	0	0	1370
1767766729273	162	5	22	ASSOC	BOTTOM	38	WORKER	473	1	0	0	1160
1767766732103	163	5	26	ASSOC	ATTACK	17	SALAD	377	0	1	0	1850
1767766733638	164	5	30	ASSOC	GESTURE	174	WORSHIP	474	0	1	0	670
1767766735479	165	5	31	ASSOC	CIRCLE	75	SANDWICH	378	0	1	0	1510
1767766737541	166	5	36	ASSOC	MIXTURE	264	PATIENCE	315	0	0	1	870
1767766738584	167	LIST	6
1767766746907	168	6	1	KITCHEN	210	TOTAL	438	750
1767766751815	169	6	2	PARTY	311	SYSTEM	426	758
1767766756710	170	6	3	ANGLE	10	QUARTER	352	754
1767766761357	171	6	4	PAYMENT	318	OWNER	300	501
1767766766139	172	6	5	MERCHANT	251	FIGURE	158	649
1767766770881	173	6	6	SUCCESS	418	FEVER	157	591
1767766775538	174	6	7	CONTENTS	95	BARGAIN	22	531
1767766780418	175	6	8	PRINCESS	341	MISTRESS	263	711
1767766801574	176	6	1	ITEM	TOTAL	438	1	0	0	2060
1767766802375	177	6	2	ITEM	SUCCESS	418	1	1	1	610
1767766803190	178	6	3	ITEM	PEPPER	320	0	1	0	660
1767766804271	179	6	4	ITEM	DUTY	134	0	1	0	810
1767766805391	180	6	6	ITEM	FOOTBALL	162	0	1	0	680
1767766806330	181	6	7	ITEM	PARTY	311	1	1	1	690
1767766807371	182	6	8	ITEM	TURKEY	447	0	1	0	780
1767766808523	183	6	10	ITEM	FINGER	159	0	1	0	660
1767766809826	184	6	11	ITEM	KINDNESS	208	0	0	1	1030
1767766810908	185	6	12	ITEM	KITCHEN	210	1	1	1	800
1767766811873	186	6	13	ITEM	HEAVEN	183	0	1	0	760
1767766812757	187	6	14	ITEM	SINGLE	398	0	0	1	600
1767766813648	188	6	15	ITEM	OWNER	300	1	0	0	640
1767766814642	189	6	17	ITEM	FOLLY	161	0	0	1	540
1767766815840	190	6	18	ITEM	FIGURE	158	1	1	1	920
1767766816926	191	6	19	ITEM	SYSTEM	426	1	0	0	820
1767766818225	192	6	21	ITEM	PRINCESS	341	1	0	0	800
1767766819106	193	6	22	ITEM	PUPIL	349	0	1	0	610
1767766819924	194	6	23	ITEM	BEAVER	29	0	0	1	640
1767766821072	195	6	24	ITEM	MISTRESS	263	1	1	1	870
1767766822159	196	6	25	ITEM	ANGLE	10	1	1	1	810
1767766823151	197	6	26	ITEM	PAYMENT	318	1	1	1	730
1767766823877	198	6	27	ITEM	FARMER	152	0	0	1	550
1767766824611	199	6	28	ITEM	SICKNESS	394	0	1	0	500
1767766826446	200	6	29	ITEM	QUARTER	352	1	1	1	1440
1767766827140	201	6	30	ITEM	BARGAIN	22	1	0	0	510
1767766828123	202	6	31	ITEM	TIGER	436	0	0	1	710
1767766829070	203	6	32	ITEM	CANNON	55	0	0	1	770
1767766830059	204	6	33	ITEM	FEATHER	154	0	1	0	700
1767766832374	205	6	37	ITEM	CONTENTS	95	1	0	0	1290
1767766833575	206	6	39	ITEM	FEVER	157	1	1	1	710
1767766834611	207	6	40	ITEM	MERCHANT	251	1	0	0	820
1767766834688	208	LIST	7
1767766843284	209	7	1	SPIDER	405	MARBLE	240	577
1767766848062	210	7	2	WIDOW	466	LIMIT	226	655
1767766852765	211	7	3	BASIS	25	JUDGMENT	205	558
1767766857521	212	7	4	JOURNAL	203	AMOUNT	7	614
1767766862171	213	7	5	ARROW	14	MARRIAGE	242	531
1767766866997	214	7	6	TUNNEL	446	CAMPAIGN	51	657
1767766871859	215	7	7	SPEAKER	404	DISTRICT	129	719
1767766876633	216	7	8	PARCEL	307	WATER	462	643
1767766897524	217	7	3	ASSOC	SPIDER	405	WATER	462	0	0	1	1420
1767766899351	218	7	7	ASSOC	PARCEL	307	AMOUNT	7	0	0	1	850
1767766900488	219	7	8	ASSOC	BASIS	25	JUDGMENT	205	1	0	0	870
1767766902447	220	7	12	ASSOC	TUNNEL	446	CAMPAIGN	51	1	0	0	970
1767766904470	221	7	18	ASSOC	WIDOW	466	LIMIT	226	1	1	1	560
1767766906595	222	7	21	ASSOC	ARROW	14	MARBLE	240	0	1	0	1310
1767766907589	223	7	22	ASSOC	SPEAKER	404	DISTRICT	129	1	1	1	830
1767766911034	224	7	33	ASSOC	JOURNAL	203	MARRIAGE	242	0	1	0	610
1767766912803	225	LIST	8
1767766921138	226	8	1	CONCERT	92	OLIVE	292	731
1767766926008	227	8	2	ENGINE	142	MOTHER	272	702
1767766930630	228	8	3	GOODBYE	176	DAYLIGHT	117	507
1767766935479	229	8	4	MACHINE	234	CULTURE	111	722
1767766940201	230	8	5	STORY	415	SERVANT	387	594
1767766945118	231	8	6	COLLEGE	84	TEMPLE	431	794
1767766949984	232	8	7	VESSEL	456	TWILIGHT	448	744
1767766954787	233	8	8	EFFORT	138	FABRIC	149	647
1767766978507	234	8	6	ASSOC	VESSEL	456	OLIVE	292	0	1	0	3280
1767766979822	235	8	7	ASSOC	CONCERT	92	MOTHER	272	0	0	1	1100
1767766982168	236	8	13	ASSOC	STORY	415	SERVANT	387	1	0	0	860
1767766984843	237	8	20	ASSOC	ENGINE	142	FABRIC	149	0	1	0	940
1767766986867	238	8	24	ASSOC	EFFORT	138	TWILIGHT	448	0	0	1	1010
1767766988273	239	8	26	ASSOC	COLLEGE	84	TEMPLE	431	1	1	1	900
1767766992226	240	8	36	ASSOC	MACHINE	234	CULTURE	111	1	0	0	1360
1767766994908	241	8	39	ASSOC	GOODBYE	176	DAYLIGHT	117	1	1	1	1920
1767766995099	242	LIST	9
1767767003165	243	9	1	CENTER	67	RABBIT	354	574
1767767008089	244	9	2	BASIN	24	STEAMER	412	799
1767767012975	245	9	3	OPERA	294	SHEPHERD	390	768
1767767017747	246	9	4	WINDOW	468	DINNER	126	640
1767767022449	247	9	5	CARBON	60	VOYAGE	460	542
1767767027318	248	9	6	ACCOUNT	3	EFFECT	137	711
1767767032142	249	9	7	PRESSURE	340	CLOTHING	80	702
1767767036902	250	9	8	NOTHING	284	JACKET	200	645
1767767057640	251	9	1	ITEM	CARBON	60	1	0	0	1680
1767767058740	252	9	3	ITEM	WINDOW	468	1	1	1	750
1767767060257	253	9	6	ITEM	VELVET	455	0	0	1	750
1767767061192	254	9	7	ITEM	BERRY	34	0	0	1	690
1767767062128	255	9	8	ITEM	BASIN	24	1	1	1	690
1767767062920	256	9	9	ITEM	MONSTER	271	0	0	1	530
1767767063701	257	9	10	ITEM	JACKET	200	1	1	1	540
1767767065101	258	9	11	ITEM	ACCOUNT	3	1	1	1	1110
1767767066539	259	9	12	ITEM	SULPHUR	420	0	0	1	1160
1767767067542	260	9	13	ITEM	BELIEF	33	0	1	0	830
1767767068840	261	9	14	ITEM	CLOTHING	80	1	1	1	1020
1767767069623	262	9	15	ITEM	VOYAGE	460	1	1	1	560
1767767070657	263	9	16	ITEM	OPERA	294	1	0	0	780
1767767071453	264	9	17	ITEM	PRESSURE	340	1	1	1	550
1767767072334	265	9	18	ITEM	SENTENCE	385	0	1	0	650
1767767073184	266	9	19	ITEM	FLAVOR	160	0	1	0	600
1767767074302	267	9	20	ITEM	ARMOR	12	0	0	1	840
1767767075508	268	9	21	ITEM	LILY	225	0	0	1	890
1767767076408	269	9	22	ITEM	OBJECT	288	0	1	0	720
1767767077408	270	9	23	ITEM	DINNER	126	1	1	1	750
1767767078401	271	9	24	ITEM	FEATURE	155	0	1	0	700
1767767079049	272	9	25	ITEM	SQUIRREL	407	0	0	1	480
1767767080065	273	9	26	ITEM	IRON	198	0	0	1	720
1767767081288	274	9	27	ITEM	PRAYER	339	0	0	1	950
1767767082639	275	9	29	ITEM	COURAGE	106	0	0	1	870
1767767084190	276	9	31	ITEM	SHEPHERD	390	1	0	0	1030
1767767085073	277	9	32	ITEM	RABBIT	354	1	0	0	640
1767767086674	278	9	33	ITEM	STEAMER	412	1	1	1	1250
1767767087490	279	9	34	ITEM	NOTHING	284	1	1	1	660
1767767088691	280	9	36	ITEM	EFFECT	137	1	1	1	710
1767767090043	281	9	39	ITEM	SHELTER	389	0	1	0	600
1767767090927	282	9	40	ITEM	CENTER	67	1	1	1	620
1767767090972	283	LIST	10
1767767099205	284	10	1	FOREST	164	PAPER	306	765
1767767103974	285	10	2	MANNER	239	MISCHIEF	260	634
1767767108705	286	10	3	CHIMNEY	74	COUNTRY	103	565
1767767113515	287	10	4	HUSBAND	191	HARVEST	181	675
1767767118402	288	10	5	HABIT	177	LETTER	223	762
1767767123284	289	10	6	DESPAIR	120	LION	228	743
1767767128046	290	10	7	EXTENT	148	TRAITOR	441	606
1767767132884	291	10	8	NAVY	281	LOVER	231	710
1767767157208	292	10	10	ASSOC	EXTENT	148	TRAITOR	441	1	0	0	2890
1767767160158	293	10	11	ASSOC	HUSBAND	191	HARVEST	181	1	1	1	2580
1767767161773	294	10	13	ASSOC	MANNER	239	LION	228	0	1	0	1100
1767767163817	295	10	17	ASSOC	DESPAIR	120	COUNTRY	103	0	0	1	1100
1767767165108	296	10	18	ASSOC	FOREST	164	MISCHIEF	260	0	1	0	1060
1767767167125	297	10	20	ASSOC	CHIMNEY	74	PAPER	306	0	0	1	1470
1767767169050	298	10	24	ASSOC	HABIT	177	LETTER	223	1	1	1	880
1767767173878	299	10	40	ASSOC	NAVY	281	LOVER	231	1	0	0	890
1767767173911	300	LIST	11
1767767182101	301	11	1	CAPTIVE	59	RICHES	367	610
1767767186795	302	11	2	LECTURE	220	EXCESS	147	571
1767767191434	303	11	3	PASTURE	313	PALACE	305	510
1767767196072	304	11	4	DEVIL	123	VAPOR	454	515
1767767200935	305	11	5	JEWEL	202	LEMON	222	745
1767767205690	306	11	6	LAWYER	215	OUTLINE	298	601
1767767210548	307	11	7	CONTRACT	97	MARKET	241	741
1767767215399	308	11	8	PROSPECT	347	POCKET	333	692
1767767237408	309	11	5	ASSOC	PASTURE	313	RICHES	367	0	0	1	1980
1767767240952	310	11	15	ASSOC	JEWEL	202	LEMON	222	1	0	0	1110
1767767242190	311	11	16	ASSOC	CAPTIVE	59	POCKET	333	0	0	1	990
1767767244506	312	11	22	ASSOC	LECTURE	220	EXCESS	147	1	1	1	800
1767767246041	313	11	23	ASSOC	LAWYER	215	OUTLINE	298	1	0	0	1310
1767767247930	314	11	28	ASSOC	CONTRACT	97	PALACE	305	0	1	0	690
1767767251271	315	11	39	ASSOC	DEVIL	123	VAPOR	454	1	1	1	590
1767767252258	316	11	40	ASSOC	PROSPECT	347	MARKET	241	0	1	0	740
1767767252360	317	LIST	12
1767767260310	318	12	1	LIQUID	229	TEACHER	429	570
1767767265003	319	12	2	ELDER	140	JERSEY	201	561
1767767269867	320	12	3	FORTUNE	165	MERCY	252	727
1767767274612	321	12	4	WRITER	476	ISLAND	199	622
1767767279373	322	12	5	DOLLAR	130	INSTANT	196	632
1767767284135	323	12	6	MAJOR	237	BUSINESS	45	595
1767767288988	324	12	7	PROGRAM	345	BUSHEL	44	731
