timestamp	tick	event
1767763791391	0	1	7	ASSOC	450	35	0	1	0	1620
1767763793006	1	1	9	ASSOC	438	101	1	1	1	1160
1767763796156	2	1	11	ASSOC	156	363	0	0	1	2490
1767763797759	3	1	14	ASSOC	388	310	1	1	1	920
1767763799189	4	1	17	ASSOC	196	399	0	0	1	670
1767763803073	5	1	24	ASSOC	452	437	1	0	0	2030
1767763804290	6	1	27	ASSOC	67	27	0	0	1	570
1767763808473	7	1	34	ASSOC	208	55	1	0	0	2280
1767763874807	8	2	1	ITEM	210	1	1	1	2680
1767763876339	9	2	2	ITEM	198	1	1	1	1310
1767763877357	10	2	3	ITEM	155	1	0	0	800
1767763878956	11	2	4	ITEM	428	1	0	0	1280
1767763880007	12	2	6	ITEM	423	0	0	1	660
1767763881107	13	2	7	ITEM	317	0	0	1	790
1767763882753	14	2	11	ITEM	287	0	0	1	690
1767763883855	15	2	12	ITEM	29	1	1	1	840
1767763884889	16	2	14	ITEM	398	0	1	0	570
1767763885890	17	2	15	ITEM	377	1	0	0	730
1767763886822	18	2	16	ITEM	384	1	1	1	690
1767763888006	19	2	17	ITEM	103	0	0	1	920
1767763888940	20	2	18	ITEM	72	0	1	0	690
1767763889839	21	2	19	ITEM	254	0	1	0	660
1767763890856	22	2	20	ITEM	370	0	0	1	760
1767763891839	23	2	21	ITEM	165	0	0	1	720
1767763892624	24	2	22	ITEM	435	1	1	1	550
1767763893689	25	2	24	ITEM	70	0	1	0	580
1767763894990	26	2	26	ITEM	269	0	1	0	720
1767763895907	27	2	27	ITEM	380	1	1	1	710
1767763896893	28	2	28	ITEM	215	0	0	1	700
1767763897855	29	2	29	ITEM	443	1	1	1	760
1767763899272	30	2	30	ITEM	284	1	0	0	1130
1767763900239	31	2	31	ITEM	83	0	0	1	770
1767763901440	32	2	32	ITEM	186	1	0	0	900
1767763903006	33	2	34	ITEM	324	1	0	0	1060
1767763903839	34	2	35	ITEM	91	1	1	1	620
1767763905140	35	2	36	ITEM	207	0	0	1	980
1767763905889	36	2	37	ITEM	286	0	1	0	600
1767763906889	37	2	38	ITEM	157	0	1	0	720
1767763907905	38	2	39	ITEM	282	1	0	0	770
1767763908990	39	2	40	ITEM	140	1	1	1	810
1767763977455	40	3	6	ASSOC	351	190	1	0	0	3270
1767763979671	41	3	9	ASSOC	250	446	0	1	0	1460
1767763982305	42	3	16	ASSOC	113	106	0	1	0	900
1767763983722	43	3	17	ASSOC	45	192	1	1	1	1200
1767763985804	44	3	22	ASSOC	470	230	1	0	0	860
1767763986937	45	3	23	ASSOC	16	18	1	0	0	870
1767763991587	46	3	37	ASSOC	181	396	0	1	0	1140
1767763992487	47	3	38	ASSOC	471	176	0	0	1	660
1767764057386	48	4	1	ASSOC	285	476	1	1	1	2350
1767764062271	49	4	17	ASSOC	86	355	1	0	0	880
1767764063820	50	4	19	ASSOC	347	7	0	0	1	1100
1767764066286	51	4	23	ASSOC	475	170	1	0	0	1420
1767764068453	52	4	29	ASSOC	474	359	0	1	0	750
1767764072220	53	4	35	ASSOC	461	402	0	1	0	2130
1767764074370	54	4	39	ASSOC	473	358	0	1	0	1230
1767764075703	55	4	40	ASSOC	233	141	1	1	1	1080
1767764140652	56	5	1	ITEM	297	0	0	1	2870
1767764143502	57	5	2	ITEM	235	0	0	1	2480
1767764145318	58	5	5	ITEM	97	1	1	1	1070
1767764147386	59	5	7	ITEM	184	0	0	1	1520
1767764148902	60	5	8	ITEM	424	0	1	0	1260
1767764151136	61	5	9	ITEM	89	1	1	1	1940
1767764152237	62	5	10	ITEM	439	1	0	0	880
1767764153353	63	5	11	ITEM	12	0	0	1	930
1767764154453	64	5	13	ITEM	257	0	0	1	640
1767764155498	65	5	15	ITEM	468	0	1	0	590
1767764156287	66	5	16	ITEM	299	1	1	1	560
1767764157135	67	5	17	ITEM	348	1	1	1	590
1767764157970	68	5	18	ITEM	185	1	1	1	600
1767764159118	69	5	19	ITEM	217	1	1	1	870
1767764159902	70	5	20	ITEM	245	0	1	0	540
1767764160935	71	5	22	ITEM	288	0	1	0	510
1767764161835	72	5	23	ITEM	124	0	1	0	660
1767764162835	73	5	24	ITEM	267	0	1	0	750
1767764163720	74	5	25	ITEM	199	1	1	1	620
1767764164718	75	5	26	ITEM	52	0	0	1	740
1767764166121	76	5	28	ITEM	206	0	1	0	880
1767764167552	77	5	29	ITEM	339	1	0	0	1200
1767764168470	78	5	30	ITEM	23	1	0	0	680
1767764169352	79	5	31	ITEM	71	0	1	0	620
1767764170253	80	5	32	ITEM	422	1	1	1	660
1767764171369	81	5	34	ITEM	145	0	1	0	650
1767764172252	82	5	35	ITEM	102	1	0	0	620
1767764173170	83	5	36	ITEM	79	1	1	1	680
1767764174053	84	5	37	ITEM	409	0	0	1	620
1767764175353	85	5	38	ITEM	274	1	0	0	1030
1767764176335	86	5	39	ITEM	430	1	1	1	710
1767764177486	87	5	40	ITEM	138	1	1	1	940
1767764243517	88	6	5	ASSOC	365	81	0	0	1	2520
1767764245134	89	6	7	ASSOC	308	234	0	1	0	1220
1767764247501	90	6	11	ASSOC	30	387	1	0	0	1390
1767764248602	91	6	13	ASSOC	375	386	0	1	0	650
1767764249834	92	6	14	ASSOC	242	46	1	1	1	950
1767764251584	93	6	17	ASSOC	239	425	1	0	0	970
1767764254117	94	6	22	ASSOC	335	134	0	0	1	1290
1767764255950	95	6	23	ASSOC	278	369	1	1	1	1530
1767764324149	96	7	6	ASSOC	252	260	0	0	1	1250
1767764326699	97	7	11	ASSOC	340	73	0	0	1	1320
1767764329218	98	7	18	ASSOC	290	159	1	0	0	800
1767764330317	99	7	19	ASSOC	281	349	1	1	1	890
1767764331934	100	7	23	ASSOC	332	434	1	1	1	650
1767764334816	101	7	31	ASSOC	82	311	1	0	0	870
1767764335967	102	7	33	ASSOC	460	323	0	1	0	680
1767764338703	103	7	40	ASSOC	301	407	0	0	1	920
1767764408215	104	8	1	ITEM	125	0	0	1	2550
1767764409215	105	8	2	ITEM	4	0	0	1	830
1767764410431	106	8	4	ITEM	321	1	1	1	700
1767764411517	107	8	5	ITEM	459	0	1	0	790
1767764412415	108	8	6	ITEM	364	0	1	0	710
1767764413600	109	8	7	ITEM	247	1	1	1	920
1767764414483	110	8	8	ITEM	319	0	0	1	620
1767764415399	111	8	9	ITEM	415	1	1	1	670
1767764417199	112	8	10	ITEM	400	0	1	0	1470
1767764418233	113	8	12	ITEM	41	1	1	1	660
1767764419433	114	8	13	ITEM	34	0	1	0	890
1767764420298	115	8	14	ITEM	412	1	1	1	670
1767764421299	116	8	15	ITEM	298	0	0	1	750
1767764424133	117	8	18	ITEM	203	0	1	0	1900
1767764425249	118	8	19	ITEM	429	0	0	1	930
1767764426381	119	8	20	ITEM	132	0	1	0	940
1767764427299	120	8	21	ITEM	167	1	1	1	710
1767764428628	121	8	24	ITEM	445	1	1	1	580
1767764429548	122	8	25	ITEM	182	1	0	0	670
1767764430715	123	8	27	ITEM	458	1	1	1	680
1767764431748	124	8	29	ITEM	142	0	1	0	520
1767764433349	125	8	30	ITEM	93	1	1	1	1290
1767764434248	126	8	31	ITEM	65	1	0	0	740
1767764436065	127	8	32	ITEM	183	1	1	1	1480
1767764437198	128	8	33	ITEM	119	1	0	0	950
1767764438281	129	8	34	ITEM	268	0	0	1	830
1767764439398	130	8	35	ITEM	240	0	0	1	850
1767764440281	131	8	36	ITEM	166	0	0	1	610
1767764441331	132	8	37	ITEM	213	0	0	1	840
1767764442265	133	8	38	ITEM	139	1	1	1	690
1767764443375	134	8	39	ITEM	401	1	1	1	850
1767764444682	135	8	40	ITEM	367	1	1	1	1010
1767764513830	136	9	13	ASSOC	271	60	0	1	0	4000
1767764515847	137	9	18	ASSOC	356	362	1	1	1	790
1767764517096	138	9	19	ASSOC	133	44	1	0	0	1050
1767764520329	139	9	27	ASSOC	112	62	0	1	0	1190
1767764523465	140	9	34	ASSOC	76	334	0	1	0	1380
1767764524731	141	9	35	ASSOC	421	173	1	0	0	1050
1767764525648	142	9	36	ASSOC	225	194	0	0	1	680
1767764529525	143	9	40	ASSOC	63	418	1	1	1	2700
1767764595163	144	10	1	ASSOC	219	263	0	0	1	3220
1767764599163	145	10	14	ASSOC	122	261	1	1	1	830
1767764603663	146	10	16	ASSOC	224	221	0	1	0	3680
1767764607096	147	10	23	ASSOC	1	152	0	1	0	1650
1767764611262	148	10	33	ASSOC	96	226	1	0	0	1640
1767764613130	149	10	34	ASSOC	372	330	1	0	0	1610
1767764616679	150	10	38	ASSOC	411	272	1	1	1	2500
1767764618697	151	10	40	ASSOC	37	85	0	0	1	1490
1767764682457	152	11	1	ITEM	115	0	0	1	1710
1767764684224	153	11	2	ITEM	5	1	0	0	1520
1767764686141	154	11	3	ITEM	397	1	1	1	1620
1767764687340	155	11	4	ITEM	337	0	1	0	1010
1767764688357	156	11	5	ITEM	296	1	1	1	840
1767764689478	157	11	7	ITEM	211	0	0	1	670
1767764690875	158	11	9	ITEM	346	1	0	0	790
1767764691875	159	11	10	ITEM	42	1	1	1	830
1767764692961	160	11	11	ITEM	353	0	0	1	820
1767764694058	161	11	13	ITEM	277	0	0	1	630
1767764694842	162	11	14	ITEM	146	1	1	1	530
1767764695825	163	11	15	ITEM	20	0	1	0	730
1767764696811	164	11	16	ITEM	151	0	1	0	720
1767764698007	165	11	17	ITEM	406	1	1	1	910
1767764699225	166	11	19	ITEM	392	0	1	0	750
1767764700442	167	11	21	ITEM	84	0	0	1	730
1767764701574	168	11	23	ITEM	345	1	1	1	640
1767764702559	169	11	24	ITEM	49	0	1	0	720
1767764703341	170	11	25	ITEM	447	1	0	0	530
1767764704540	171	11	26	ITEM	147	1	0	0	900
1767764705491	172	11	27	ITEM	175	1	0	0	780
1767764706524	173	11	28	ITEM	352	1	1	1	780
1767764707942	174	11	31	ITEM	366	0	1	0	650
1767764708924	175	11	32	ITEM	416	0	1	0	720
1767764710225	176	11	33	ITEM	33	0	1	0	1030
1767764711491	177	11	34	ITEM	241	0	1	0	1030
1767764712582	178	11	35	ITEM	246	0	1	0	820
1767764713541	179	11	36	ITEM	143	0	0	1	770
1767764714757	180	11	37	ITEM	109	1	0	0	940
1767764715741	181	11	38	ITEM	426	1	0	0	740
1767764716626	182	11	39	ITEM	94	1	1	1	600
1767764717457	183	11	40	ITEM	404	1	1	1	640
1767764786307	184	12	1	ASSOC	153	177	1	0	0	4160
1767764788424	185	12	3	ASSOC	178	338	1	1	1	1540
1767764792311	186	12	10	ASSOC	243	59	0	0	1	2160
1767764796623	187	12	21	ASSOC	472	193	1	0	0	1610
1767764800441	188	12	25	ASSOC	218	378	1	1	1	2710
1767764803507	189	12	31	ASSOC	312	414	0	1	0	1530
