timestamp	tick	event
1767763720496	0	LIST	1
1767763734641	1	1	1	SERVICE	388	PARTNER	310	594
1767763739285	2	1	2	KINDNESS	208	CANNON	55	514
1767763744183	3	1	3	TOTAL	438	COTTAGE	101	774
1767763748980	4	1	4	UNION	450	SISTER	399	666
1767763753820	5	1	5	INSTANT	196	BATTLE	27	704
1767763758642	6	1	6	CENTER	67	RESEARCH	363	690
1767763763308	7	1	7	VALLEY	452	TIMBER	437	539
1767763768110	8	1	8	FEELING	156	BLANKET	35	639
1767763791391	9	1	7	ASSOC	UNION	450	BLANKET	35	0	1	0	1620
1767763793006	10	1	9	ASSOC	TOTAL	438	COTTAGE	101	1	1	1	1160
1767763796156	11	1	11	ASSOC	FEELING	156	RESEARCH	363	0	0	1	2490
1767763797759	12	1	14	ASSOC	SERVICE	388	PARTNER	310	1	1	1	920
1767763799189	13	1	17	ASSOC	INSTANT	196	SISTER	399	0	0	1	670
1767763803073	14	1	24	ASSOC	VALLEY	452	TIMBER	437	1	0	0	2030
1767763804290	15	1	27	ASSOC	CENTER	67	BATTLE	27	0	0	1	570
1767763808473	16	1	34	ASSOC	KINDNESS	208	CANNON	55	1	0	0	2280
1767763809878	17	LIST	2
1767763818571	18	2	1	TICKET	435	COMRADE	91	764
1767763823297	19	2	2	SCHOLAR	380	IRON	198	590
1767763828095	20	2	3	TRIBUTE	443	NEEDLE	282	672
1767763832838	21	2	4	SENATE	384	KITCHEN	210	615
1767763837543	22	2	5	FEATURE	155	ELDER	140	586
1767763842304	23	2	6	PIGEON	324	SALAD	377	631
1767763847100	24	2	7	TALENT	428	NOTHING	284	627
1767763851929	25	2	8	BEAVER	29	HERO	186	656
1767763874807	26	2	1	ITEM	KITCHEN	210	1	1	1	2680
1767763876339	27	2	2	ITEM	IRON	198	1	1	1	1310
1767763877357	28	2	3	ITEM	FEATURE	155	1	0	0	800
1767763878956	29	2	4	ITEM	TALENT	428	1	0	0	1280
1767763880007	30	2	6	ITEM	SUPPER	423	0	0	1	660
1767763881107	31	2	7	ITEM	PATTERN	317	0	0	1	790
1767763882753	32	2	11	ITEM	NUMBER	287	0	0	1	690
1767763883855	33	2	12	ITEM	BEAVER	29	1	1	1	840
1767763884889	34	2	14	ITEM	SINGLE	398	0	1	0	570
1767763885890	35	2	15	ITEM	SALAD	377	1	0	0	730
1767763886822	36	2	16	ITEM	SENATE	384	1	1	1	690
1767763888006	37	2	17	ITEM	COUNTRY	103	0	0	1	920
1767763888940	38	2	18	ITEM	CHAPTER	72	0	1	0	690
1767763889839	39	2	19	ITEM	MESSAGE	254	0	1	0	660
1767763890856	40	2	20	ITEM	RIVAL	370	0	0	1	760
1767763891839	41	2	21	ITEM	FORTUNE	165	0	0	1	720
1767763892624	42	2	22	ITEM	TICKET	435	1	1	1	550
1767763893689	43	2	24	ITEM	CHANNEL	70	0	1	0	580
1767763894990	44	2	26	ITEM	MONEY	269	0	1	0	720
1767763895907	45	2	27	ITEM	SCHOLAR	380	1	1	1	710
1767763896893	46	2	28	ITEM	LAWYER	215	0	0	1	700
1767763897855	47	2	29	ITEM	TRIBUTE	443	1	1	1	760
1767763899272	48	2	30	ITEM	NOTHING	284	1	0	0	1130
1767763900239	49	2	31	ITEM	COLLAR	83	0	0	1	770
1767763901440	50	2	32	ITEM	HERO	186	1	0	0	900
1767763903006	51	2	34	ITEM	PIGEON	324	1	0	0	1060
1767763903839	52	2	35	ITEM	COMRADE	91	1	1	1	620
1767763905140	53	2	36	ITEM	KEEPER	207	0	0	1	980
1767763905889	54	2	37	ITEM	NOVEL	286	0	1	0	600
1767763906889	55	2	38	ITEM	FEVER	157	0	1	0	720
1767763907905	56	2	39	ITEM	NEEDLE	282	1	0	0	770
1767763908990	57	2	40	ITEM	ELDER	140	1	1	1	810
1767763909049	58	LIST	3
1767763919374	59	3	1	PUZZLE	351	HUNTER	190	552
1767763924033	60	3	2	HARVEST	181	GOODBYE	176	511
1767763928720	61	3	3	WISDOM	470	LIQUOR	230	565
1767763933395	62	3	4	CUSTOM	113	TUNNEL	446	540
1767763938280	63	3	5	BUSINESS	45	ILLNESS	192	725
1767763943169	64	3	6	MEMBER	250	SILVER	396	764
1767763947836	65	3	7	ASPECT	16	AUTHOR	18	531
1767763952644	66	3	8	WITNESS	471	COURAGE	106	639
1767763977455	67	3	6	ASSOC	PUZZLE	351	HUNTER	190	1	0	0	3270
1767763979671	68	3	9	ASSOC	MEMBER	250	TUNNEL	446	0	1	0	1460
1767763982305	69	3	16	ASSOC	CUSTOM	113	COURAGE	106	0	1	0	900
1767763983722	70	3	17	ASSOC	BUSINESS	45	ILLNESS	192	1	1	1	1200
1767763985804	71	3	22	ASSOC	WISDOM	470	LIQUOR	230	1	0	0	860
1767763986937	72	3	23	ASSOC	ASPECT	16	AUTHOR	18	1	0	0	870
1767763991587	73	3	37	ASSOC	HARVEST	181	SILVER	396	0	1	0	1140
1767763992487	74	3	38	ASSOC	WITNESS	471	GOODBYE	176	0	0	1	660
1767763993048	75	LIST	4
1767764001209	76	4	1	COLOUR	86	RAILWAY	355	605
1767764005974	77	4	2	WORKER	473	SORROW	402	636
1767764010805	78	4	3	WRINKLE	475	FUTURE	170	667
1767764015706	79	4	4	WORSHIP	474	REASON	358	768
1767764020485	80	4	5	PROSPECT	347	RECEIPT	359	648
1767764025320	81	4	6	LUNCHEON	233	EMPIRE	141	682
1767764030026	82	4	7	NOTION	285	WRITER	476	589
1767764034879	83	4	8	WAGON	461	AMOUNT	7	725
1767764057386	84	4	1	ASSOC	NOTION	285	WRITER	476	1	1	1	2350
1767764062271	85	4	17	ASSOC	COLOUR	86	RAILWAY	355	1	0	0	880
1767764063820	86	4	19	ASSOC	PROSPECT	347	AMOUNT	7	0	0	1	1100
1767764066286	87	4	23	ASSOC	WRINKLE	475	FUTURE	170	1	0	0	1420
1767764068453	88	4	29	ASSOC	WORSHIP	474	RECEIPT	359	0	1	0	750
1767764072220	89	4	35	ASSOC	WAGON	461	SORROW	402	0	1	0	2130
1767764074370	90	4	39	ASSOC	WORKER	473	REASON	358	0	1	0	1230
1767764075703	91	4	40	ASSOC	LUNCHEON	233	EMPIRE	141	1	1	1	1080
1767764075728	92	LIST	5
1767764084390	93	5	1	COMPASS	89	PROVINCE	348	704
1767764089039	94	5	2	CLOSET	79	PRAYER	339	519
1767764093714	95	5	3	MOTIVE	274	EFFORT	138	561
1767764098491	96	5	4	OVEN	299	TEMPER	430	638
1767764103345	97	5	5	BARREL	23	COTTON	102	692
1767764108153	98	5	6	ISLAND	199	TRAFFIC	439	683
1767764112843	99	5	7	CONTRACT	97	HERALD	185	557
1767764117521	100	5	8	LEADER	217	SUNSET	422	535
1767764140652	101	5	1	ITEM	ORGAN	297	0	0	1	2870
1767764143502	102	5	2	ITEM	MADAM	235	0	0	1	2480
1767764145318	103	5	5	ITEM	CONTRACT	97	1	1	1	1070
1767764147386	104	5	7	ITEM	HELMET	184	0	0	1	1520
1767764148902	105	5	8	ITEM	SURFACE	424	0	1	0	1260
1767764151136	106	5	9	ITEM	COMPASS	89	1	1	1	1940
1767764152237	107	5	10	ITEM	TRAFFIC	439	1	0	0	880
1767764153353	108	5	11	ITEM	ARMOR	12	0	0	1	930
1767764154453	109	5	13	ITEM	MILLION	257	0	0	1	640
1767764155498	110	5	15	ITEM	WINDOW	468	0	1	0	590
1767764156287	111	5	16	ITEM	OVEN	299	1	1	1	560
1767764157135	112	5	17	ITEM	PROVINCE	348	1	1	1	590
1767764157970	113	5	18	ITEM	HERALD	185	1	1	1	600
1767764159118	114	5	19	ITEM	LEADER	217	1	1	1	870
1767764159902	115	5	20	ITEM	MAYOR	245	0	1	0	540
1767764160935	116	5	22	ITEM	OBJECT	288	0	1	0	510
1767764161835	117	5	23	ITEM	DIAMOND	124	0	1	0	660
1767764162835	118	5	24	ITEM	MOMENT	267	0	1	0	750
1767764163720	119	5	25	ITEM	ISLAND	199	1	1	1	620
1767764164718	120	5	26	ITEM	CANAL	52	0	0	1	740
1767764166121	121	5	28	ITEM	JUSTICE	206	0	1	0	880
1767764167552	122	5	29	ITEM	PRAYER	339	1	0	0	1200
1767764168470	123	5	30	ITEM	BARREL	23	1	0	0	680
1767764169352	124	5	31	ITEM	CHAPEL	71	0	1	0	620
1767764170253	125	5	32	ITEM	SUNSET	422	1	1	1	660
1767764171369	126	5	34	ITEM	EVENING	145	0	1	0	650
1767764172252	127	5	35	ITEM	COTTON	102	1	0	0	620
1767764173170	128	5	36	ITEM	CLOSET	79	1	1	1	680
1767764174053	129	5	37	ITEM	STANZA	409	0	0	1	620
1767764175353	130	5	38	ITEM	MOTIVE	274	1	0	0	1030
1767764176335	131	5	39	ITEM	TEMPER	430	1	1	1	710
1767764177486	132	5	40	ITEM	EFFORT	138	1	1	1	940
1767764177563	133	LIST	6
1767764186356	134	6	1	POLICE	335	MACHINE	234	787
1767764190998	135	6	2	PARENT	308	SERIES	386	513
1767764195719	136	6	3	MANNER	239	SURVEY	425	602
1767764200625	137	6	4	RESOURCE	365	DUTY	134	773
1767764205370	138	6	5	MUSCLE	278	RIFLE	369	618
1767764210260	139	6	6	SADDLE	375	CLUSTER	81	759
1767764215128	140	6	7	MARRIAGE	242	BUTCHER	46	727
1767764219839	141	6	8	BEDROOM	30	SERVANT	387	588
1767764243517	142	6	5	ASSOC	RESOURCE	365	CLUSTER	81	0	0	1	2520
1767764245134	143	6	7	ASSOC	PARENT	308	MACHINE	234	0	1	0	1220
1767764247501	144	6	11	ASSOC	BEDROOM	30	SERVANT	387	1	0	0	1390
1767764248602	145	6	13	ASSOC	SADDLE	375	SERIES	386	0	1	0	650
1767764249834	146	6	14	ASSOC	MARRIAGE	242	BUTCHER	46	1	1	1	950
1767764251584	147	6	17	ASSOC	MANNER	239	SURVEY	425	1	0	0	970
1767764254117	148	6	22	ASSOC	POLICE	335	DUTY	134	0	0	1	1290
1767764255950	149	6	23	ASSOC	MUSCLE	278	RIFLE	369	1	1	1	1530
1767764260172	150	LIST	7
1767764268448	151	7	1	NAVY	281	PUPIL	349	664
1767764273141	152	7	2	COFFEE	82	PARTY	311	558
1767764277841	153	7	3	PLEASURE	332	THUNDER	434	557
1767764282504	154	7	4	VOYAGE	460	CHERRY	73	520
1767764287200	155	7	5	MERCY	252	SQUIRREL	407	566
1767764292010	156	7	6	ODOR	290	FINGER	159	676
1767764296821	157	7	7	PRESSURE	340	MISCHIEF	260	687
1767764301554	158	7	8	OYSTER	301	PICTURE	323	604
1767764324149	159	7	6	ASSOC	MERCY	252	MISCHIEF	260	0	0	1	1250
1767764326699	160	7	11	ASSOC	PRESSURE	340	CHERRY	73	0	0	1	1320
1767764329218	161	7	18	ASSOC	ODOR	290	FINGER	159	1	0	0	800
1767764330317	162	7	19	ASSOC	NAVY	281	PUPIL	349	1	1	1	890
1767764331934	163	7	23	ASSOC	PLEASURE	332	THUNDER	434	1	1	1	650
1767764334816	164	7	31	ASSOC	COFFEE	82	PARTY	311	1	0	0	870
1767764335967	165	7	33	ASSOC	VOYAGE	460	PICTURE	323	0	1	0	680
1767764338703	166	7	40	ASSOC	OYSTER	301	SQUIRREL	407	0	0	1	920
1767764338748	167	LIST	8
1767764351762	168	8	1	HEAVEN	183	ELBOW	139	562
1767764356560	169	8	2	STORY	415	BUILDING	41	660
1767764361396	170	8	3	CATTLE	65	TROUBLE	445	697
1767764366284	171	8	4	SOLDIER	401	FRONTIER	167	768
1767764371083	172	8	5	HATRED	182	CONGRESS	93	667
1767764375716	173	8	6	DEGREE	119	PERFUME	321	501
1767764380550	174	8	7	STEAMER	412	RICHES	367	718
1767764385410	175	8	8	VILLAGE	458	MEANING	247	744
1767764408215	176	8	1	ITEM	DIET	125	0	0	1	2550
1767764409215	177	8	2	ITEM	ACRE	4	0	0	1	830
1767764410431	178	8	4	ITEM	PERFUME	321	1	1	1	700
1767764411517	179	8	5	ITEM	VIRTUE	459	0	1	0	790
1767764412415	180	8	6	ITEM	RESORT	364	0	1	0	710
1767764413600	181	8	7	ITEM	MEANING	247	1	1	1	920
1767764414483	182	8	8	ITEM	PENNY	319	0	0	1	620
1767764415399	183	8	9	ITEM	STORY	415	1	1	1	670
1767764417199	184	8	10	ITEM	SLIPPER	400	0	1	0	1470
1767764418233	185	8	12	ITEM	BUILDING	41	1	1	1	660
1767764419433	186	8	13	ITEM	BERRY	34	0	1	0	890
1767764420298	187	8	14	ITEM	STEAMER	412	1	1	1	670
1767764421299	188	8	15	ITEM	OUTLINE	298	0	0	1	750
1767764424133	189	8	18	ITEM	JOURNAL	203	0	1	0	1900
1767764425249	190	8	19	ITEM	TEACHER	429	0	0	1	930
1767764426381	191	8	20	ITEM	DOUBLE	132	0	1	0	940
1767764427299	192	8	21	ITEM	FRONTIER	167	1	1	1	710
1767764428628	193	8	24	ITEM	TROUBLE	445	1	1	1	580
1767764429548	194	8	25	ITEM	HATRED	182	1	0	0	670
1767764430715	195	8	27	ITEM	VILLAGE	458	1	1	1	680
1767764431748	196	8	29	ITEM	ENGINE	142	0	1	0	520
1767764433349	197	8	30	ITEM	CONGRESS	93	1	1	1	1290
1767764434248	198	8	31	ITEM	CATTLE	65	1	0	0	740
1767764436065	199	8	32	ITEM	HEAVEN	183	1	1	1	1480
1767764437198	200	8	33	ITEM	DEGREE	119	1	0	0	950
1767764438281	201	8	34	ITEM	MONARCH	268	0	0	1	830
1767764439398	202	8	35	ITEM	MARBLE	240	0	0	1	850
1767764440281	203	8	36	ITEM	FOUNTAIN	166	0	0	1	610
1767764441331	204	8	37	ITEM	LANGUAGE	213	0	0	1	840
1767764442265	205	8	38	ITEM	ELBOW	139	1	1	1	690
1767764443375	206	8	39	ITEM	SOLDIER	401	1	1	1	850
1767764444682	207	8	40	ITEM	RICHES	367	1	1	1	1010
1767764444716	208	LIST	9
1767764453138	209	9	1	MONSTER	271	POEM	334	657
1767764457924	210	9	2	DRAGON	133	BUSHEL	44	642
1767764462722	211	9	3	CARRIAGE	63	SUCCESS	418	641
1767764467400	212	9	4	LILY	225	CARBON	60	519
1767764472241	213	9	5	CURRENT	112	INCOME	194	727
1767764477044	214	9	6	SUMMER	421	GENIUS	173	680
1767764481790	215	9	7	RATTLE	356	RELIEF	362	626
1767764486518	216	9	8	CIRCUIT	76	CARPET	62	604
1767764513830	217	9	13	ASSOC	MONSTER	271	CARBON	60	0	1	0	4000
1767764515847	218	9	18	ASSOC	RATTLE	356	RELIEF	362	1	1	1	790
1767764517096	219	9	19	ASSOC	DRAGON	133	BUSHEL	44	1	0	0	1050
1767764520329	220	9	27	ASSOC	CURRENT	112	CARPET	62	0	1	0	1190
1767764523465	221	9	34	ASSOC	CIRCUIT	76	POEM	334	0	1	0	1380
1767764524731	222	9	35	ASSOC	SUMMER	421	GENIUS	173	1	0	0	1050
1767764525648	223	9	36	ASSOC	LILY	225	INCOME	194	0	0	1	680
1767764529525	224	9	40	ASSOC	CARRIAGE	63	SUCCESS	418	1	1	1	2700
1767764529526	225	LIST	10
1767764537648	226	10	1	CONTEST	96	LIMIT	226	634
1767764542602	227	10	2	LEATHER	219	FARMER	152	788
1767764547465	228	10	3	LEVEL	224	COLONEL	85	735
1767764552401	229	10	4	DEVICE	122	MISSION	261	771
1767764557280	230	10	5	ROBBER	372	PLATFORM	330	750
1767764561972	231	10	6	BODY	37	MISTRESS	263	542
1767764566771	232	10	7	STATUS	411	MOTHER	272	641
1767764571647	233	10	8	ABSENCE	1	LEGEND	221	717
1767764595163	234	10	1	ASSOC	LEATHER	219	MISTRESS	263	0	0	1	3220
1767764599163	235	10	14	ASSOC	DEVICE	122	MISSION	261	1	1	1	830
1767764603663	236	10	16	ASSOC	LEVEL	224	LEGEND	221	0	1	0	3680
1767764607096	237	10	23	ASSOC	ABSENCE	1	FARMER	152	0	1	0	1650
1767764611262	238	10	33	ASSOC	CONTEST	96	LIMIT	226	1	0	0	1640
1767764613130	239	10	34	ASSOC	ROBBER	372	PLATFORM	330	1	0	0	1610
1767764616679	240	10	38	ASSOC	STATUS	411	MOTHER	272	1	1	1	2500
1767764618697	241	10	40	ASSOC	BODY	37	COLONEL	85	0	0	1	1490
1767764618698	242	LIST	11
1767764627104	243	11	1	AFFAIR	5	GODDESS	175	708
1767764631827	244	11	2	BULLET	42	SINGER	397	590
1767764636680	245	11	3	PROJECT	346	SPEAKER	404	721
1767764641485	246	11	4	SYSTEM	426	CREDIT	109	672
1767764646203	247	11	5	PROGRAM	345	TURKEY	447	587
1767764651051	248	11	6	CONQUEST	94	ORCHARD	296	716
1767764655841	249	11	7	QUARTER	352	SPIRIT	406	671
1767764660599	250	11	8	EXCESS	147	EVENT	146	628
1767764682457	251	11	1	ITEM	DARKNESS	115	0	0	1	1710
1767764684224	252	11	2	ITEM	AFFAIR	5	1	0	0	1520
1767764686141	253	11	3	ITEM	SINGER	397	1	1	1	1620
1767764687340	254	11	4	ITEM	POWDER	337	0	1	0	1010
1767764688357	255	11	5	ITEM	ORCHARD	296	1	1	1	840
1767764689478	256	11	7	ITEM	KITTEN	211	0	0	1	670
1767764690875	257	11	9	ITEM	PROJECT	346	1	0	0	790
1767764691875	258	11	10	ITEM	BULLET	42	1	1	1	830
1767764692961	259	11	11	ITEM	QUESTION	353	0	0	1	820
1767764694058	260	11	13	ITEM	MOVIE	277	0	0	1	630
1767764694842	261	11	14	ITEM	EVENT	146	1	1	1	530
1767764695825	262	11	15	ITEM	BABY	20	0	1	0	730
1767764696811	263	11	16	ITEM	FAILURE	151	0	1	0	720
1767764698007	264	11	17	ITEM	SPIRIT	406	1	1	1	910
1767764699225	265	11	19	ITEM	SHIPPING	392	0	1	0	750
1767764700442	266	11	21	ITEM	COLLEGE	84	0	0	1	730
1767764701574	267	11	23	ITEM	PROGRAM	345	1	1	1	640
1767764702559	268	11	24	ITEM	CABIN	49	0	1	0	720
1767764703341	269	11	25	ITEM	TURKEY	447	1	0	0	530
1767764704540	270	11	26	ITEM	EXCESS	147	1	0	0	900
1767764705491	271	11	27	ITEM	GODDESS	175	1	0	0	780
1767764706524	272	11	28	ITEM	QUARTER	352	1	1	1	780
1767764707942	273	11	31	ITEM	RIBBON	366	0	1	0	650
1767764708924	274	11	32	ITEM	STUDENT	416	0	1	0	720
1767764710225	275	11	33	ITEM	BELIEF	33	0	1	0	1030
1767764711491	276	11	34	ITEM	MARKET	241	0	1	0	1030
1767764712582	277	11	35	ITEM	MEADOW	246	0	1	0	820
1767764713541	278	11	36	ITEM	ERRAND	143	0	0	1	770
1767764714757	279	11	37	ITEM	CREDIT	109	1	0	0	940
1767764715741	280	11	38	ITEM	SYSTEM	426	1	0	0	740
1767764716626	281	11	39	ITEM	CONQUEST	94	1	1	1	600
1767764717457	282	11	40	ITEM	SPEAKER	404	1	1	1	640
1767764717562	283	LIST	12
1767764728627	284	12	1	FATHER	153	HABIT	177	603
1767764733543	285	12	2	PASSION	312	BUBBLE	40	785
1767764738169	286	12	3	MASTER	243	STOMACH	414	512
1767764742896	287	12	4	MEANTIME	248	VALUE	453	606
1767764747662	288	12	5	LEARNING	218	SANDWICH	378	639
1767764752399	289	12	6	CAREER	61	CAPTIVE	59	575
1767764757048	290	12	7	WOMEN	472	IMAGE	193	524
1767764761765	291	12	8	HAMMER	178	PRAIRIE	338	591
1767764786307	292	12	1	ASSOC	FATHER	153	HABIT	177	1	0	0	4160
1767764788424	293	12	3	ASSOC	HAMMER	178	PRAIRIE	338	1	1	1	1540
1767764792311	294	12	10	ASSOC	MASTER	243	CAPTIVE	59	0	0	1	2160
1767764796623	295	12	21	ASSOC	WOMEN	472	IMAGE	193	1	0	0	1610
1767764800441	296	12	25	ASSOC	LEARNING	218	SANDWICH	378	1	1	1	2710
1767764803507	297	12	31	ASSOC	PASSION	312	STOMACH	414	0	1	0	1530
1767764805839	298	12	34	ASSOC	CAREER	61	VALUE	453	0	0	1	1560
1767764809606	299	12	36	ASSOC	MEANTIME	248	BUBBLE	40	0	0	1	3100
1767764810608	300	LIST	13
1767764818918	301	13	1	JUDGMENT	205	NEPHEW	283	628
1767764823756	302	13	2	PATENT	314	CLOTHING	80	666
1767764828412	303	13	3	OWNER	300	ACCOUNT	3	522
1767764833287	304	13	4	COMPOUND	90	ARRAY	13	747
1767764837956	305	13	5	ACCORD	2	MIRROR	259	516
1767764842754	306	13	6	SICKNESS	394	EFFECT	137	681
1767764847643	307	13	7	PITCHER	328	GESTURE	174	770
1767764852383	308	13	8	MAKER	238	HIGHWAY	187	610
1767764878139	309	13	6	ASSOC	JUDGMENT	205	EFFECT	137	0	0	1	4190
1767764880206	310	13	7	ASSOC	COMPOUND	90	NEPHEW	283	0	1	0	1790
1767764886668	311	13	23	ASSOC	ACCORD	2	MIRROR	259	1	0	0	2400
1767764887889	312	13	24	ASSOC	PITCHER	328	ARRAY	13	0	1	0	1040
1767764891889	313	13	26	ASSOC	OWNER	300	ACCOUNT	3	1	1	1	3340
1767764893405	314	13	28	ASSOC	MAKER	238	HIGHWAY	187	1	1	1	970
1767764894941	315	13	32	ASSOC	SICKNESS	394	GESTURE	174	0	0	1	670
1767764896792	316	13	34	ASSOC	PATENT	314	CLOTHING	80	1	1	1	1270
1767764898301	317	LIST	14
1767764906744	318	14	1	SECTION	383	MINUTE	258	721
1767764911434	319	14	2	CREATURE	108	VAPOR	454	561
1767764916190	320	14	3	CASTLE	64	DOORWAY	131	617
1767764920989	321	14	4	RECORD	360	ANGEL	9	683
1767764925696	322	14	5	LETTER	223	LAYER	216	590
1767764930396	323	14	6	ATTACK	17	MATTER	244	573
1767764935165	324	14	7	HOTEL	189	WIDOW	466	642
