timestamp	tick	event
1765654759084	0	LIST	1
1765654773404	1	1	1	TRAITOR	441	PIGEON	324	788
1765654778077	2	1	2	SILENCE	395	MAKER	238	544
1765654782900	3	1	3	PRINCESS	341	MARRIAGE	242	668
1765654787596	4	1	4	BASIS	25	MIXTURE	264	564
1765654792449	5	1	5	CREATURE	108	FOUNTAIN	166	717
1765654797349	6	1	6	OUTLINE	298	COTTON	102	783
1765654802150	7	1	7	FEELING	156	CANVAS	57	684
1765654806797	8	1	8	MERCHANT	251	OLIVE	292	532
1765654820415	9	1	1	ITEM	MERCHANT	251	1	1	1	1140
1765654821801	10	1	2	ITEM	MIXTURE	264	1	1	1	920
1765654823365	11	1	3	ASSOC	FEELING	156	CANVAS	57	1	1	1	1050
1765654825083	12	1	4	ITEM	LAWYER	215	0	0	1	1190
1765654826183	13	1	5	ASSOC	TRAITOR	441	PIGEON	324	1	1	1	610
1765654827731	14	1	6	ITEM	PROSPECT	347	0	1	0	1060
1765654828865	15	1	7	ASSOC	OUTLINE	298	MARRIAGE	242	0	1	0	680
1765654830166	16	1	8	ASSOC	PRINCESS	341	COTTON	102	0	1	0	740
1765654833515	17	1	9	ITEM	OLIVE	292	1	0	0	2650
1765654834701	18	1	10	ITEM	POCKET	333	0	0	1	920
1765654836349	19	1	11	ITEM	COMPOUND	90	0	0	1	1080
1765654838366	20	1	12	ITEM	MAKER	238	1	1	1	1440
