timestamp	tick	event
1767633316070	0	P1	2	ASSOC	310	414	1	0	0	2010
1767633316789	1	P1	4	ASSOC	36	384	0	1	0	300
1767633317688	2	P1	7	ASSOC	318	41	0	0	1	200
1767633318370	3	P1	9	ASSOC	301	368	0	1	0	190
1767633319620	4	P1	13	ASSOC	300	386	1	0	0	230
1767633320570	5	P1	16	ASSOC	49	174	0	1	0	220
1767633323204	6	P1	25	ASSOC	35	373	1	0	0	370
1767633327072	7	P1	39	ASSOC	30	361	1	1	1	350
1767633390620	8	P2	1	ITEM	411	0	0	1	1580
1767633391553	9	P2	2	ITEM	42	1	1	1	770
1767633391821	10	P2	3	ITEM	72	1	0	0	90
1767633392222	11	P2	4	ITEM	70	1	1	1	120
1767633392655	12	P2	5	ITEM	311	0	0	1	210
1767633393384	13	P2	7	ITEM	47	0	1	0	220
1767633393970	14	P2	8	ITEM	440	0	0	1	270
1767633394554	15	P2	9	ITEM	234	1	1	1	340
1767633395292	16	P2	11	ITEM	366	1	0	0	250
1767633395941	17	P2	13	ITEM	99	0	1	0	200
1767633396537	18	P2	14	ITEM	136	0	0	1	260
1767633397787	19	P2	18	ITEM	130	1	1	1	320
1767633398553	20	P2	19	ITEM	265	1	0	0	490
1767633399154	21	P2	20	ITEM	125	1	1	1	340
1767633399637	22	P2	21	ITEM	455	1	0	0	270
1767633400108	23	P2	22	ITEM	448	1	1	1	230
1767633400637	24	P2	23	ITEM	394	0	0	1	260
1767633401171	25	P2	24	ITEM	154	0	1	0	300
1767633402067	26	P2	26	ITEM	383	0	0	1	340
1767633402672	27	P2	27	ITEM	253	1	1	1	390
1767633403222	28	P2	28	ITEM	238	1	0	0	320
1767633403954	29	P2	30	ITEM	38	0	1	0	220
1767633404504	30	P2	31	ITEM	270	0	0	1	310
1767633405071	31	P2	32	ITEM	469	0	1	0	310
1767633405604	32	P2	33	ITEM	470	0	0	1	290
1767633406137	33	P2	34	ITEM	225	1	1	1	260
1767633406639	34	P2	35	ITEM	151	0	0	1	290
1767633407154	35	P2	36	ITEM	377	0	1	0	210
1767633407654	36	P2	37	ITEM	78	1	0	0	300
1767633408254	37	P2	38	ITEM	171	0	1	0	260
1767633408672	38	P2	39	ITEM	356	1	0	0	230
1767633409187	39	P2	40	ITEM	210	1	1	1	240
1767633490069	40	1	2	ASSOC	44	403	0	1	0	1700
1767633490936	41	1	4	ASSOC	177	192	0	0	1	500
1767633492388	42	1	8	ASSOC	276	347	1	1	1	410
1767633493474	43	1	11	ASSOC	81	45	1	0	0	350
1767633495487	44	1	18	ASSOC	248	413	0	1	0	260
1767633497753	45	1	26	ASSOC	158	102	1	0	0	310
1767633500573	46	1	36	ASSOC	96	304	0	1	0	320
1767633501236	47	1	37	ASSOC	39	277	1	0	0	400
