timestamp	tick	event
1767633247606	0	LIST	P1
1767633259225	1	P1	1	PARTNER	310	STOMACH	414	668
1767633263978	2	P1	2	CABIN	49	RIDER	368	623
1767633268656	3	P1	3	OWNER	300	SERIES	386	552
1767633273330	4	P1	4	BLESSING	36	BUILDING	41	526
1767633278022	5	P1	5	BLANKET	35	ROBIN	373	517
1767633282916	6	P1	6	OYSTER	301	SENATE	384	778
1767633287583	7	P1	7	BEDROOM	30	REFUGE	361	545
1767633292359	8	P1	8	PAYMENT	318	GESTURE	174	621
1767633316070	9	P1	2	ASSOC	PARTNER	310	STOMACH	414	1	0	0	2010
1767633316789	10	P1	4	ASSOC	BLESSING	36	SENATE	384	0	1	0	300
1767633317688	11	P1	7	ASSOC	PAYMENT	318	BUILDING	41	0	0	1	200
1767633318370	12	P1	9	ASSOC	OYSTER	301	RIDER	368	0	1	0	190
1767633319620	13	P1	13	ASSOC	OWNER	300	SERIES	386	1	0	0	230
1767633320570	14	P1	16	ASSOC	CABIN	49	GESTURE	174	0	1	0	220
1767633323204	15	P1	25	ASSOC	BLANKET	35	ROBIN	373	1	0	0	370
1767633327072	16	P1	39	ASSOC	BEDROOM	30	REFUGE	361	1	1	1	350
1767633327432	17	LIST	P2
1767633335796	18	P2	1	BULLET	42	CHANNEL	70	625
1767633340678	19	P2	2	CHAPTER	72	MACHINE	234	757
1767633345618	20	P2	3	LILY	225	RIBBON	366	797
1767633350294	21	P2	4	TWILIGHT	448	DOLLAR	130	557
1767633354994	22	P2	5	MODEL	265	DIET	125	557
1767633359710	23	P2	6	KITCHEN	210	MAKER	238	572
1767633364338	24	P2	7	CLIMATE	78	RATTLE	356	500
1767633369063	25	P2	8	MERIT	253	VELVET	455	609
1767633390620	26	P2	1	ITEM	STATUS	411	0	0	1	1580
1767633391553	27	P2	2	ITEM	BULLET	42	1	1	1	770
1767633391821	28	P2	3	ITEM	CHAPTER	72	1	0	0	90
1767633392222	29	P2	4	ITEM	CHANNEL	70	1	1	1	120
1767633392655	30	P2	5	ITEM	PARTY	311	0	0	1	210
1767633393384	31	P2	7	ITEM	BUTTER	47	0	1	0	220
1767633393970	32	P2	8	ITEM	TRAINING	440	0	0	1	270
1767633394554	33	P2	9	ITEM	MACHINE	234	1	1	1	340
1767633395292	34	P2	11	ITEM	RIBBON	366	1	0	0	250
1767633395941	35	P2	13	ITEM	CORNER	99	0	1	0	200
1767633396537	36	P2	14	ITEM	ECHO	136	0	0	1	260
1767633397787	37	P2	18	ITEM	DOLLAR	130	1	1	1	320
1767633398553	38	P2	19	ITEM	MODEL	265	1	0	0	490
1767633399154	39	P2	20	ITEM	DIET	125	1	1	1	340
1767633399637	40	P2	21	ITEM	VELVET	455	1	0	0	270
1767633400108	41	P2	22	ITEM	TWILIGHT	448	1	1	1	230
1767633400637	42	P2	23	ITEM	SICKNESS	394	0	0	1	260
1767633401171	43	P2	24	ITEM	FEATHER	154	0	1	0	300
1767633402067	44	P2	26	ITEM	SECTION	383	0	0	1	340
1767633402672	45	P2	27	ITEM	MERIT	253	1	1	1	390
1767633403222	46	P2	28	ITEM	MAKER	238	1	0	0	320
1767633403954	47	P2	30	ITEM	BOTTOM	38	0	1	0	220
1767633404504	48	P2	31	ITEM	MONKEY	270	0	0	1	310
1767633405071	49	P2	32	ITEM	WINTER	469	0	1	0	310
1767633405604	50	P2	33	ITEM	WISDOM	470	0	0	1	290
1767633406137	51	P2	34	ITEM	LILY	225	1	1	1	260
1767633406639	52	P2	35	ITEM	FAILURE	151	0	0	1	290
1767633407154	53	P2	36	ITEM	SALAD	377	0	1	0	210
1767633407654	54	P2	37	ITEM	CLIMATE	78	1	0	0	300
1767633408254	55	P2	38	ITEM	GARDEN	171	0	1	0	260
1767633408672	56	P2	39	ITEM	RATTLE	356	1	0	0	230
1767633409187	57	P2	40	ITEM	KITCHEN	210	1	1	1	240
1767633409283	58	LIST	1
1767633435377	59	1	1	BOUNDARY	39	MOVIE	277	723
1767633440038	60	1	2	CLUSTER	81	BUSINESS	45	534
1767633444879	61	1	3	BUSHEL	44	ILLNESS	192	675
1767633449772	62	1	4	CONTEST	96	STOCKING	413	768
1767633454603	63	1	5	MOUNTAIN	276	PROSPECT	347	699
1767633459447	64	1	6	FIGURE	158	COTTON	102	727
1767633464303	65	1	7	MEANTIME	248	SPARROW	403	733
1767633469113	66	1	8	HABIT	177	PAINTING	304	643
1767633490069	67	1	2	ASSOC	BUSHEL	44	SPARROW	403	0	1	0	1700
1767633490936	68	1	4	ASSOC	HABIT	177	ILLNESS	192	0	0	1	500
1767633492388	69	1	8	ASSOC	MOUNTAIN	276	PROSPECT	347	1	1	1	410
1767633493474	70	1	11	ASSOC	CLUSTER	81	BUSINESS	45	1	0	0	350
1767633495487	71	1	18	ASSOC	MEANTIME	248	STOCKING	413	0	1	0	260
1767633497753	72	1	26	ASSOC	FIGURE	158	COTTON	102	1	0	0	310
1767633500573	73	1	36	ASSOC	CONTEST	96	PAINTING	304	0	1	0	320
1767633501236	74	1	37	ASSOC	BOUNDARY	39	MOVIE	277	1	0	0	400
