timestamp	tick	event
1765652059864	0	LIST	1
1765652073389	1	1	1	KITCHEN	210	GOODBYE	176	626
1765652078284	2	1	2	QUESTION	353	CHANNEL	70	771
1765652082913	3	1	3	DARKNESS	115	SISTER	399	500
1765652087577	4	1	4	STANZA	409	ARRAY	13	548
1765652092250	5	1	5	FUNERAL	168	HATRED	182	521
1765652097034	6	1	6	MONARCH	268	THEORY	433	655
1765652101698	7	1	7	GESTURE	174	MARRIAGE	242	519
1765652106456	8	1	8	CHAIRMAN	68	COLLAR	83	643
1765652111713	9	ARROW	1	>	.	.	1
1765652116864	10	ARROW	2	<	,	,	1
1765652119414	11	1	1	ITEM	POLICE	335	0	0	1	1290
1765652120599	12	1	2	ITEM	DARKNESS	115	1	1	1	810
1765652122163	13	1	3	ITEM	CAREER	61	0	0	1	1060
1765652124114	14	1	4	ASSOC	FUNERAL	168	MARRIAGE	242	0	1	0	1410
1765652127164	15	1	5	ITEM	MONSTER	271	0	0	1	2410
1765652128197	16	1	6	ITEM	THEORY	433	1	1	1	740
1765652129845	17	1	7	ITEM	QUESTION	353	1	1	1	1080
1765652131680	18	1	8	ASSOC	GESTURE	174	HATRED	182	0	1	0	1320
1765652133314	19	1	9	ITEM	COLLAR	83	1	1	1	1130
1765652135330	20	1	10	ITEM	CONCERT	92	0	0	1	1450
1765652140315	21	1	11	ASSOC	KITCHEN	210	GOODBYE	176	1	1	1	4250
1765652141447	22	1	12	ASSOC	STANZA	409	ARRAY	13	1	1	1	940
