timestamp	tick	event
1767469981907	0	1	4	ASSOC	282	124	1	0	0	3820
1767469984739	1	1	7	ASSOC	51	201	1	0	0	1570
1767469989515	2	1	15	ASSOC	63	361	0	1	0	810
1767469993574	3	1	18	ASSOC	55	425	0	0	1	2410
1767470001322	4	1	24	ASSOC	385	129	1	1	1	4530
1767470005735	5	1	29	ASSOC	418	17	0	0	1	2170
1767470008305	6	1	32	ASSOC	254	323	1	1	1	1200
1767470014889	7	1	39	ASSOC	320	446	0	1	0	2900
1767470081305	8	2	13	ASSOC	268	203	1	1	1	3580
1767470089205	9	2	24	ASSOC	116	308	0	0	1	2530
1767470090290	10	2	25	ASSOC	151	181	1	1	1	710
1767470094138	11	2	27	ASSOC	473	339	1	1	1	2680
1767470097238	12	2	30	ASSOC	444	366	0	1	0	1710
1767470100205	13	2	33	ASSOC	52	160	0	1	0	1500
1767470102255	14	2	34	ASSOC	139	271	0	1	0	1530
1767470105840	15	2	40	ASSOC	66	234	1	0	0	680
1767470165938	16	3	1	ITEM	433	0	0	1	2930
1767470167671	17	3	2	ITEM	351	0	0	1	1440
1767470171655	18	3	4	ITEM	368	1	1	1	2850
1767470173205	19	3	5	ITEM	191	0	0	1	1240
1767470174821	20	3	6	ITEM	196	1	1	1	1070
1767470177155	21	3	7	ITEM	426	0	1	0	1730
1767470181605	22	3	8	ITEM	208	1	0	0	3830
1767470184138	23	3	9	ITEM	233	0	1	0	2180
1767470186456	24	3	10	ITEM	294	1	1	1	1850
1767470188071	25	3	11	ITEM	295	0	0	1	1190
1767470189588	26	3	12	ITEM	117	0	1	0	970
1767470190656	27	3	13	ITEM	309	1	1	1	690
1767470192055	28	3	14	ITEM	324	1	1	1	810
1767470195906	29	3	16	ITEM	143	0	1	0	2640
1767470198655	30	3	17	ITEM	65	0	1	0	2330
1767470199788	31	3	18	ITEM	378	1	0	0	810
1767470200791	32	3	19	ITEM	1	1	1	1	560
1767470202039	33	3	20	ITEM	336	0	0	1	690
1767470203238	34	3	21	ITEM	39	1	1	1	700
1767470205672	35	3	22	ITEM	399	0	0	1	1820
1767470206655	36	3	23	ITEM	104	0	1	0	650
1767470210191	37	3	25	ITEM	438	1	1	1	2270
1767470212208	38	3	28	ITEM	348	1	1	1	700
1767470213722	39	3	29	ITEM	142	0	1	0	990
1767470214921	40	3	30	ITEM	217	1	0	0	700
1767470216539	41	3	31	ITEM	248	0	0	1	1070
1767470217855	42	3	32	ITEM	176	0	1	0	910
1767470219056	43	3	33	ITEM	229	1	0	0	730
1767470220605	44	3	34	ITEM	25	1	1	1	1020
1767470223555	45	3	37	ITEM	422	1	1	1	1400
1767470225155	46	3	39	ITEM	390	0	1	0	690
1767470226389	47	3	40	ITEM	95	1	0	0	720
1767470288088	48	4	1	ASSOC	173	432	0	0	1	4060
1767470293703	49	4	4	ASSOC	41	35	0	1	0	4120
1767470301238	50	4	11	ASSOC	407	264	0	1	0	4040
1767470303488	51	4	13	ASSOC	47	75	1	0	0	1510
1767470308154	52	4	15	ASSOC	424	333	0	1	0	3470
1767470309571	53	4	16	ASSOC	83	436	1	0	0	1180
1767470323855	54	4	34	ASSOC	226	123	1	1	1	4890
1767470327921	55	4	36	ASSOC	274	406	1	0	0	3160
1767470391187	56	5	1	ASSOC	220	147	1	0	0	3040
1767470398555	57	5	12	ASSOC	126	360	0	0	1	2010
1767470399553	58	5	13	ASSOC	448	357	1	1	1	630
1767470401170	59	5	14	ASSOC	3	23	1	1	1	1110
1767470403437	60	5	15	ASSOC	10	386	0	0	1	1700
1767470406821	61	5	18	ASSOC	227	356	0	1	0	1870
1767470415020	62	5	30	ASSOC	260	50	1	1	1	2160
1767470424094	63	5	40	ASSOC	76	442	0	0	1	3880
1767470481370	64	6	1	ITEM	467	1	1	1	1210
1767470485738	65	6	2	ITEM	205	0	0	1	3570
1767470488988	66	6	3	ITEM	157	0	1	0	2860
1767470489971	67	6	4	ITEM	430	1	1	1	720
1767470491520	68	6	5	ITEM	280	0	0	1	1050
1767470492937	69	6	6	ITEM	68	1	0	0	880
1767470493953	70	6	7	ITEM	410	1	1	1	570
1767470496487	71	6	10	ITEM	236	1	1	1	1000
1767470499020	72	6	13	ITEM	88	1	1	1	980
1767470501286	73	6	14	ITEM	141	0	1	0	1730
1767470502604	74	6	15	ITEM	223	1	1	1	930
1767470504021	75	6	16	ITEM	393	0	0	1	910
1767470505537	76	6	17	ITEM	428	0	0	1	1010
1767470507054	77	6	18	ITEM	462	1	0	0	1000
1767470509370	78	6	20	ITEM	86	1	0	0	1270
1767470512904	79	6	21	ITEM	325	1	1	1	2910
1767470514236	80	6	22	ITEM	155	0	0	1	1020
1767470517069	81	6	24	ITEM	131	1	1	1	1760
1767470519354	82	6	25	ITEM	429	0	0	1	1780
1767470521403	83	6	26	ITEM	43	1	0	0	1550
1767470523238	84	6	27	ITEM	70	0	1	0	1370
1767470525088	85	6	28	ITEM	164	0	0	1	1330
1767470528171	86	6	29	ITEM	315	1	0	0	2450
1767470531338	87	6	30	ITEM	469	0	1	0	2700
1767470533203	88	6	31	ITEM	230	0	0	1	1470
1767470535636	89	6	32	ITEM	304	0	1	0	1850
1767470537353	90	6	33	ITEM	150	1	0	0	1310
1767470539820	91	6	34	ITEM	62	0	1	0	1880
1767470541939	92	6	36	ITEM	397	0	0	1	1190
1767470545361	93	6	37	ITEM	182	1	1	1	2800
1767470546996	94	6	38	ITEM	224	1	1	1	1290
1767470549849	95	6	39	ITEM	383	0	1	0	2180
1767470611744	96	7	3	ASSOC	184	244	0	1	0	3580
1767470615646	97	7	7	ASSOC	144	168	1	0	0	2080
1767470618511	98	7	11	ASSOC	387	290	0	1	0	960
1767470624061	99	7	16	ASSOC	94	288	1	1	1	2880
1767470625263	100	7	17	ASSOC	27	87	0	0	1	910
1767470628811	101	7	20	ASSOC	277	287	1	0	0	1940
1767470639562	102	7	34	ASSOC	310	163	0	0	1	3540
1767470643061	103	7	35	ASSOC	252	458	1	1	1	3090
1767470708861	104	8	8	ASSOC	169	177	1	0	0	2730
1767470711979	105	8	12	ASSOC	317	6	1	0	0	1340
1767470714129	106	8	13	ASSOC	36	434	0	1	0	1600
1767470721044	107	8	19	ASSOC	80	74	0	0	1	3690
1767470727764	108	8	25	ASSOC	379	210	0	1	0	3670
1767470729678	109	8	27	ASSOC	389	96	1	0	0	1170
1767470732244	110	8	30	ASSOC	431	275	0	0	1	1150
1767470733446	111	8	31	ASSOC	85	349	1	1	1	720
1767470796612	112	9	1	ITEM	2	0	0	1	1060
1767470798112	113	9	3	ITEM	327	1	1	1	550
1767470800078	114	9	4	ITEM	284	1	0	0	1420
1767470802195	115	9	5	ITEM	321	0	0	1	1550
1767470804011	116	9	7	ITEM	414	0	0	1	900
1767470805744	117	9	8	ITEM	249	0	1	0	1220
1767470806828	118	9	9	ITEM	171	0	1	0	640
1767470807963	119	9	10	ITEM	395	1	1	1	650
1767470809094	120	9	11	ITEM	5	0	0	1	580
1767470810711	121	9	12	ITEM	337	0	1	0	1080
1767470814396	122	9	13	ITEM	166	1	1	1	2990
1767470816113	123	9	15	ITEM	178	1	0	0	940
1767470817245	124	9	16	ITEM	352	0	0	1	680
1767470818794	125	9	17	ITEM	405	0	1	0	1010
1767470820529	126	9	19	ITEM	101	1	1	1	770
1767470822194	127	9	21	ITEM	16	1	0	0	670
1767470823745	128	9	22	ITEM	69	1	1	1	1010
1767470825045	129	9	23	ITEM	253	0	0	1	810
1767470827594	130	9	24	ITEM	298	0	0	1	1940
1767470828912	131	9	25	ITEM	449	1	1	1	880
1767470830861	132	9	26	ITEM	48	0	1	0	1420
1767470832028	133	9	27	ITEM	119	0	0	1	770
1767470833579	134	9	28	ITEM	207	0	0	1	1010
1767470834512	135	9	29	ITEM	73	1	1	1	500
1767470835749	136	9	30	ITEM	72	1	1	1	680
1767470837695	137	9	32	ITEM	167	1	1	1	960
1767470838744	138	9	33	ITEM	347	1	1	1	580
1767470840695	139	9	34	ITEM	358	1	0	0	1320
1767470842362	140	9	35	ITEM	209	0	1	0	1240
1767470843895	141	9	36	ITEM	326	1	1	1	1040
1767470846528	142	9	39	ITEM	127	0	0	1	1080
1767470847680	143	9	40	ITEM	44	1	1	1	690
