timestamp	tick	event
1767469916740	0	LIST	1
1767469930199	1	1	1	MESSAGE	254	PICTURE	323	525
1767469935074	2	1	2	PEPPER	320	SURVEY	425	702
1767469939891	3	1	3	CAMPAIGN	51	JERSEY	201	684
1767469944803	4	1	4	CARRIAGE	63	ATTACK	17	780
1767469949453	5	1	5	CANNON	55	REFUGE	361	529
1767469954306	6	1	6	SUCCESS	418	TUNNEL	446	683
1767469959134	7	1	7	SENTENCE	385	DISTRICT	129	711
1767469963861	8	1	8	NEEDLE	282	DIAMOND	124	605
1767469981907	9	1	4	ASSOC	NEEDLE	282	DIAMOND	124	1	0	0	3820
1767469984739	10	1	7	ASSOC	CAMPAIGN	51	JERSEY	201	1	0	0	1570
1767469989515	11	1	15	ASSOC	CARRIAGE	63	REFUGE	361	0	1	0	810
1767469993574	12	1	18	ASSOC	CANNON	55	SURVEY	425	0	0	1	2410
1767470001322	13	1	24	ASSOC	SENTENCE	385	DISTRICT	129	1	1	1	4530
1767470005735	14	1	29	ASSOC	SUCCESS	418	ATTACK	17	0	0	1	2170
1767470008305	15	1	32	ASSOC	MESSAGE	254	PICTURE	323	1	1	1	1200
1767470014889	16	1	39	ASSOC	PEPPER	320	TUNNEL	446	0	1	0	2900
1767470015502	17	LIST	2
1767470023965	18	2	1	WORKER	473	PRAYER	339	576
1767470028674	19	2	2	CANAL	52	RIBBON	366	585
1767470033337	20	2	3	CELLAR	66	MACHINE	234	548
1767470038132	21	2	4	FAILURE	151	HARVEST	181	643
1767470042899	22	2	5	ELBOW	139	FLAVOR	160	610
1767470047555	23	2	6	TRIUMPH	444	PARENT	308	532
1767470052255	24	2	7	DAUGHTER	116	MONSTER	271	532
1767470057023	25	2	8	MONARCH	268	JOURNAL	203	601
1767470081305	26	2	13	ASSOC	MONARCH	268	JOURNAL	203	1	1	1	3580
1767470089205	27	2	24	ASSOC	DAUGHTER	116	PARENT	308	0	0	1	2530
1767470090290	28	2	25	ASSOC	FAILURE	151	HARVEST	181	1	1	1	710
1767470094138	29	2	27	ASSOC	WORKER	473	PRAYER	339	1	1	1	2680
1767470097238	30	2	30	ASSOC	TRIUMPH	444	RIBBON	366	0	1	0	1710
1767470100205	31	2	33	ASSOC	CANAL	52	FLAVOR	160	0	1	0	1500
1767470102255	32	2	34	ASSOC	ELBOW	139	MONSTER	271	0	1	0	1530
1767470105840	33	2	40	ASSOC	CELLAR	66	MACHINE	234	1	0	0	680
1767470106163	34	LIST	3
1767470114542	35	3	1	OPERA	294	KINDNESS	208	570
1767470119313	36	3	2	SUNSET	422	LEADER	217	641
1767470124121	37	3	3	BOUNDARY	39	TOTAL	438	649
1767470129009	38	3	4	BASIS	25	SANDWICH	378	737
1767470133795	39	3	5	RIDER	368	PARLOR	309	623
1767470138624	40	3	6	INSTANT	196	ABSENCE	1	703
1767470143310	41	3	7	LIQUID	229	PROVINCE	348	555
1767470148210	42	3	8	PIGEON	324	CONTENTS	95	755
1767470165938	43	3	1	ITEM	THEORY	433	0	0	1	2930
1767470167671	44	3	2	ITEM	PUZZLE	351	0	0	1	1440
1767470171655	45	3	4	ITEM	RIDER	368	1	1	1	2850
1767470173205	46	3	5	ITEM	HUSBAND	191	0	0	1	1240
1767470174821	47	3	6	ITEM	INSTANT	196	1	1	1	1070
1767470177155	48	3	7	ITEM	SYSTEM	426	0	1	0	1730
1767470181605	49	3	8	ITEM	KINDNESS	208	1	0	0	3830
1767470184138	50	3	9	ITEM	LUNCHEON	233	0	1	0	2180
1767470186456	51	3	10	ITEM	OPERA	294	1	1	1	1850
1767470188071	52	3	11	ITEM	ORANGE	295	0	0	1	1190
1767470189588	53	3	12	ITEM	DAYLIGHT	117	0	1	0	970
1767470190656	54	3	13	ITEM	PARLOR	309	1	1	1	690
1767470192055	55	3	14	ITEM	PIGEON	324	1	1	1	810
1767470195905	56	3	16	ITEM	ERRAND	143	0	1	0	2640
1767470198655	57	3	17	ITEM	CATTLE	65	0	1	0	2330
1767470199788	58	3	18	ITEM	SANDWICH	378	1	0	0	810
1767470200791	59	3	19	ITEM	ABSENCE	1	1	1	1	560
1767470202039	60	3	20	ITEM	PONY	336	0	0	1	690
1767470203238	61	3	21	ITEM	BOUNDARY	39	1	1	1	700
1767470205672	62	3	22	ITEM	SISTER	399	0	0	1	1820
1767470206655	63	3	23	ITEM	COUNTY	104	0	1	0	650
1767470210191	64	3	25	ITEM	TOTAL	438	1	1	1	2270
1767470212208	65	3	28	ITEM	PROVINCE	348	1	1	1	700
1767470213722	66	3	29	ITEM	ENGINE	142	0	1	0	990
1767470214921	67	3	30	ITEM	LEADER	217	1	0	0	700
1767470216539	68	3	31	ITEM	MEANTIME	248	0	0	1	1070
1767470217855	69	3	32	ITEM	GOODBYE	176	0	1	0	910
1767470219056	70	3	33	ITEM	LIQUID	229	1	0	0	730
1767470220605	71	3	34	ITEM	BASIS	25	1	1	1	1020
1767470223555	72	3	37	ITEM	SUNSET	422	1	1	1	1400
1767470225155	73	3	39	ITEM	SHEPHERD	390	0	1	0	690
1767470226389	74	3	40	ITEM	CONTENTS	95	1	0	0	720
1767470226720	75	LIST	4
1767470235450	76	4	1	SQUIRREL	407	THEATER	432	728
1767470240217	77	4	2	MOTIVE	274	SPIRIT	406	645
1767470245068	78	4	3	LIMIT	226	DEVIL	123	696
1767470249689	79	4	4	SURFACE	424	BLANKET	35	502
1767470254616	80	4	5	BUTTER	47	CIRCLE	75	795
1767470259374	81	4	6	COLLAR	83	TIGER	436	636
1767470264328	82	4	7	BUILDING	41	MIXTURE	264	790
1767470269229	83	4	8	GENIUS	173	POCKET	333	774
1767470288088	84	4	1	ASSOC	GENIUS	173	THEATER	432	0	0	1	4060
1767470293703	85	4	4	ASSOC	BUILDING	41	BLANKET	35	0	1	0	4120
1767470301238	86	4	11	ASSOC	SQUIRREL	407	MIXTURE	264	0	1	0	4040
1767470303488	87	4	13	ASSOC	BUTTER	47	CIRCLE	75	1	0	0	1510
1767470308154	88	4	15	ASSOC	SURFACE	424	POCKET	333	0	1	0	3470
1767470309571	89	4	16	ASSOC	COLLAR	83	TIGER	436	1	0	0	1180
1767470323855	90	4	34	ASSOC	LIMIT	226	DEVIL	123	1	1	1	4890
1767470327921	91	4	36	ASSOC	MOTIVE	274	SPIRIT	406	1	0	0	3160
1767470330018	92	LIST	5
1767470339920	93	5	1	LECTURE	220	EXCESS	147	565
1767470344555	94	5	2	CIRCUIT	76	RECORD	360	501
1767470349321	95	5	3	TWILIGHT	448	READING	357	651
1767470354224	96	5	4	ANGLE	10	RATTLE	356	754
1767470358907	97	5	5	DINNER	126	SERIES	386	536
1767470363859	98	5	6	LINEN	227	TREASURE	442	788
1767470368553	99	5	7	ACCOUNT	3	BARREL	23	565
1767470373440	100	5	8	MISCHIEF	260	CABLE	50	753
1767470391187	101	5	1	ASSOC	LECTURE	220	EXCESS	147	1	0	0	3040
1767470398555	102	5	12	ASSOC	DINNER	126	RECORD	360	0	0	1	2010
1767470399553	103	5	13	ASSOC	TWILIGHT	448	READING	357	1	1	1	630
1767470401170	104	5	14	ASSOC	ACCOUNT	3	BARREL	23	1	1	1	1110
1767470403437	105	5	15	ASSOC	ANGLE	10	SERIES	386	0	0	1	1700
1767470406821	106	5	18	ASSOC	LINEN	227	RATTLE	356	0	1	0	1870
1767470415020	107	5	30	ASSOC	MISCHIEF	260	CABLE	50	1	1	1	2160
1767470424094	108	5	40	ASSOC	CIRCUIT	76	TREASURE	442	0	0	1	3880
1767470424095	109	LIST	6
1767470432464	110	6	1	STATION	410	TEMPER	430	610
1767470437275	111	6	2	WATER	462	FACTOR	150	687
1767470441909	112	6	3	BUREAU	43	CHAIRMAN	68	506
1767470446542	113	6	4	DOORWAY	131	LEVEL	224	505
1767470451233	114	6	5	COLOUR	86	PILLOW	325	562
1767470456096	115	6	6	LETTER	223	PATIENCE	315	726
1767470460950	116	6	7	WILLOW	467	HATRED	182	730
1767470465687	117	6	8	MAIDEN	236	COMMERCE	88	617
1767470481370	118	6	1	ITEM	WILLOW	467	1	1	1	1210
1767470485738	119	6	2	ITEM	JUDGMENT	205	0	0	1	3570
1767470488988	120	6	3	ITEM	FEVER	157	0	1	0	2860
1767470489971	121	6	4	ITEM	TEMPER	430	1	1	1	720
1767470491520	122	6	5	ITEM	NATION	280	0	0	1	1050
1767470492937	123	6	6	ITEM	CHAIRMAN	68	1	0	0	880
1767470493953	124	6	7	ITEM	STATION	410	1	1	1	570
1767470496487	125	6	10	ITEM	MAIDEN	236	1	1	1	1000
1767470499020	126	6	13	ITEM	COMMERCE	88	1	1	1	980
1767470501286	127	6	14	ITEM	EMPIRE	141	0	1	0	1730
1767470502604	128	6	15	ITEM	LETTER	223	1	1	1	930
1767470504021	129	6	16	ITEM	SHOWER	393	0	0	1	910
1767470505537	130	6	17	ITEM	TALENT	428	0	0	1	1010
1767470507054	131	6	18	ITEM	WATER	462	1	0	0	1000
1767470509370	132	6	20	ITEM	COLOUR	86	1	0	0	1270
1767470512904	133	6	21	ITEM	PILLOW	325	1	1	1	2910
1767470514236	134	6	22	ITEM	FEATURE	155	0	0	1	1020
1767470517069	135	6	24	ITEM	DOORWAY	131	1	1	1	1760
1767470519354	136	6	25	ITEM	TEACHER	429	0	0	1	1780
1767470521403	137	6	26	ITEM	BUREAU	43	1	0	0	1550
1767470523238	138	6	27	ITEM	CHANNEL	70	0	1	0	1370
1767470525088	139	6	28	ITEM	FOREST	164	0	0	1	1330
1767470528171	140	6	29	ITEM	PATIENCE	315	1	0	0	2450
1767470531338	141	6	30	ITEM	WINTER	469	0	1	0	2700
1767470533203	142	6	31	ITEM	LIQUOR	230	0	0	1	1470
1767470535636	143	6	32	ITEM	PAINTING	304	0	1	0	1850
1767470537353	144	6	33	ITEM	FACTOR	150	1	0	0	1310
1767470539820	145	6	34	ITEM	CARPET	62	0	1	0	1880
1767470541939	146	6	36	ITEM	SINGER	397	0	0	1	1190
1767470545361	147	6	37	ITEM	HATRED	182	1	1	1	2800
1767470546996	148	6	38	ITEM	LEVEL	224	1	1	1	1290
1767470549849	149	6	39	ITEM	SECTION	383	0	1	0	2180
1767470550467	150	LIST	7
1767470559026	151	7	1	HELMET	184	COLUMN	87	688
1767470563772	152	7	2	BATTLE	27	FOREHEAD	163	616
1767470568430	153	7	3	SERVANT	387	MATTER	244	539
1767470573266	154	7	4	CONQUEST	94	OBJECT	288	674
1767470578116	155	7	5	ESTATE	144	FUNERAL	168	723
1767470582846	156	7	6	MOVIE	277	NUMBER	287	603
1767470587560	157	7	7	PARTNER	310	ODOR	290	601
1767470592434	158	7	8	MERCY	252	VILLAGE	458	757
1767470611744	159	7	3	ASSOC	HELMET	184	MATTER	244	0	1	0	3580
1767470615646	160	7	7	ASSOC	ESTATE	144	FUNERAL	168	1	0	0	2080
1767470618511	161	7	11	ASSOC	SERVANT	387	ODOR	290	0	1	0	960
1767470624061	162	7	16	ASSOC	CONQUEST	94	OBJECT	288	1	1	1	2880
1767470625263	163	7	17	ASSOC	BATTLE	27	COLUMN	87	0	0	1	910
1767470628811	164	7	20	ASSOC	MOVIE	277	NUMBER	287	1	0	0	1940
1767470639562	165	7	34	ASSOC	PARTNER	310	FOREHEAD	163	0	0	1	3540
1767470643061	166	7	35	ASSOC	MERCY	252	VILLAGE	458	1	1	1	3090
1767470645659	167	LIST	8
1767470654314	168	8	1	PATTERN	317	AGENT	6	786
1767470659186	169	8	2	FURY	169	HABIT	177	741
1767470664132	170	8	3	TEMPLE	431	CHIMNEY	74	787
1767470668886	171	8	4	BLESSING	36	MOTOR	275	625
1767470673526	172	8	5	CLOTHING	80	KITCHEN	210	515
1767470678438	173	8	6	SHELTER	389	CONTEST	96	793
1767470683178	174	8	7	COLONEL	85	PUPIL	349	617
1767470687993	175	8	8	SCATTER	379	THUNDER	434	698
1767470708861	176	8	8	ASSOC	FURY	169	HABIT	177	1	0	0	2730
1767470711979	177	8	12	ASSOC	PATTERN	317	AGENT	6	1	0	0	1340
1767470714129	178	8	13	ASSOC	BLESSING	36	THUNDER	434	0	1	0	1600
1767470721044	179	8	19	ASSOC	CLOTHING	80	CHIMNEY	74	0	0	1	3690
1767470727764	180	8	25	ASSOC	SCATTER	379	KITCHEN	210	0	1	0	3670
1767470729678	181	8	27	ASSOC	SHELTER	389	CONTEST	96	1	0	0	1170
1767470732244	182	8	30	ASSOC	TEMPLE	431	MOTOR	275	0	0	1	1150
1767470733446	183	8	31	ASSOC	COLONEL	85	PUPIL	349	1	1	1	720
1767470738268	184	LIST	9
1767470747366	185	9	1	FRONTIER	167	CHAPTER	72	688
1767470752182	186	9	2	PROSPECT	347	CHERRY	73	687
1767470757008	187	9	3	PISTOL	327	BUSHEL	44	697
1767470761845	188	9	4	SILENCE	395	CHAMBER	69	718
1767470766581	189	9	5	UNCLE	449	FOUNTAIN	166	619
1767470771503	190	9	6	PILOT	326	ASPECT	16	791
1767470776318	191	9	7	REASON	358	NOTHING	284	690
1767470781099	192	9	8	HAMMER	178	COTTAGE	101	655
1767470796612	193	9	1	ITEM	ACCORD	2	0	0	1	1060
1767470798112	194	9	3	ITEM	PISTOL	327	1	1	1	550
1767470800078	195	9	4	ITEM	NOTHING	284	1	0	0	1420
1767470802195	196	9	5	ITEM	PERFUME	321	0	0	1	1550
1767470804011	197	9	7	ITEM	STOMACH	414	0	0	1	900
1767470805744	198	9	8	ITEM	MEETING	249	0	1	0	1220
1767470806828	199	9	9	ITEM	GARDEN	171	0	1	0	640
1767470807963	200	9	10	ITEM	SILENCE	395	1	1	1	650
1767470809094	201	9	11	ITEM	AFFAIR	5	0	0	1	580
1767470810711	202	9	12	ITEM	POWDER	337	0	1	0	1080
1767470814396	203	9	13	ITEM	FOUNTAIN	166	1	1	1	2990
1767470816113	204	9	15	ITEM	HAMMER	178	1	0	0	940
1767470817245	205	9	16	ITEM	QUARTER	352	0	0	1	680
1767470818794	206	9	17	ITEM	SPIDER	405	0	1	0	1010
1767470820529	207	9	19	ITEM	COTTAGE	101	1	1	1	770
1767470822194	208	9	21	ITEM	ASPECT	16	1	0	0	670
1767470823745	209	9	22	ITEM	CHAMBER	69	1	1	1	1010
1767470825045	210	9	23	ITEM	MERIT	253	0	0	1	810
1767470827594	211	9	24	ITEM	OUTLINE	298	0	0	1	1940
1767470828912	212	9	25	ITEM	UNCLE	449	1	1	1	880
1767470830861	213	9	26	ITEM	BUTTON	48	0	1	0	1420
1767470832028	214	9	27	ITEM	DEGREE	119	0	0	1	770
1767470833579	215	9	28	ITEM	KEEPER	207	0	0	1	1010
1767470834512	216	9	29	ITEM	CHERRY	73	1	1	1	500
1767470835749	217	9	30	ITEM	CHAPTER	72	1	1	1	680
1767470837695	218	9	32	ITEM	FRONTIER	167	1	1	1	960
1767470838744	219	9	33	ITEM	PROSPECT	347	1	1	1	580
1767470840695	220	9	34	ITEM	REASON	358	1	0	0	1320
1767470842362	221	9	35	ITEM	KINGDOM	209	0	1	0	1240
1767470843895	222	9	36	ITEM	PILOT	326	1	1	1	1040
1767470846528	223	9	39	ITEM	DISEASE	127	0	0	1	1080
1767470847680	224	9	40	ITEM	BUSHEL	44	1	1	1	690
